Loading rhel8/default-amp
  Loading requirement: rhel8/slurm singularity/current rhel8/global cuda/11.4
    libpciaccess/0.16/gcc-9.4.0-6fonbj6 libiconv/1.16/gcc-9.4.0-ahebbov
    libxml2/2.9.12/gcc-9.4.0-gnknt5e ncurses/6.2/gcc-9.4.0-aiirok7
    hwloc/2.5.0/gcc-9.4.0-7sqomga libevent/2.1.12/gcc-9.4.0-hgny7cm
    numactl/2.0.14/gcc-9.4.0-52dwc6n cuda/11.4.0/gcc-9.4.0-3hnxhjt
    gdrcopy/2.2/gcc-9.4.0-e4igtfp knem/1.1.4/gcc-9.4.0-bpbxgva
    libnl/3.3.0/gcc-9.4.0-whwhrwb rdma-core/34.0/gcc-9.4.0-5eo5n2u
    ucx/1.11.1/gcc-9.4.0-lktqyl4 openmpi/4.1.1/gcc-9.4.0-epagguv
Changed directory to /rds/user/jc2405/hpc-work/JaQMC/jaqmc.

JobID: 30845600
======
Time: Sat Jun 20 20:57:56 BST 2026
Running on master node: gpu-q-26
Current directory: /rds/user/jc2405/hpc-work/JaQMC/jaqmc

Nodes allocated:
================
gpu-q-26

numtasks=1, numnodes=1, mpi_tasks_per_node=1 (OMP_NUM_THREADS=1)

Executing command:
==================
python /rds/user/jc2405/hpc-work/JaQMC/jaqmc/physical_observables_wf.py

E0620 20:59:23.173806  399271 numa_hwloc.cc:121] Call to hwloc_set_cpubind() failed: Invalid argument [22]
E0620 20:59:23.173963  399272 numa_hwloc.cc:121] Call to hwloc_set_cpubind() failed: Invalid argument [22]
E0620 20:59:23.174065  399273 numa_hwloc.cc:121] Call to hwloc_set_cpubind() failed: Invalid argument [22]
Traceback (most recent call last):
  File "/rds/user/jc2405/hpc-work/JaQMC/jaqmc/.venv/lib/python3.12/site-packages/jax/_src/xla_bridge.py", line 839, in backends
    backend = _init_backend(platform)
              ^^^^^^^^^^^^^^^^^^^^^^^
  File "/rds/user/jc2405/hpc-work/JaQMC/jaqmc/.venv/lib/python3.12/site-packages/jax/_src/xla_bridge.py", line 915, in _init_backend
    raise RuntimeError(
RuntimeError: Backend 'rocm' is not in the list of known backends: ['cpu', 'tpu', 'cuda'].

During handling of the above exception, another exception occurred:

Traceback (most recent call last):
  File "/rds/user/jc2405/hpc-work/JaQMC/jaqmc/physical_observables_wf.py", line 47, in <module>
    eval_workflow = SolidEvalWorkflow(cfg)
                    ^^^^^^^^^^^^^^^^^^^^^^
  File "/rds/user/jc2405/hpc-work/JaQMC/jaqmc/src/jaqmc/app/solid/workflow.py", line 107, in __init__
    system_config, wf, scf, sampling_proposal = configure_system(cfg)
                                                ^^^^^^^^^^^^^^^^^^^^^
  File "/rds/user/jc2405/hpc-work/JaQMC/jaqmc/src/jaqmc/app/solid/workflow.py", line 150, in configure_system
    supercell_lattice = jnp.asarray(system_config.supercell_lattice)
                        ^^^^^^^^^^^^^^^^^^^^^^^^^^^^^^^^^^^^^^^^^^^^
  File "/rds/user/jc2405/hpc-work/JaQMC/jaqmc/.venv/lib/python3.12/site-packages/jax/_src/numpy/array_constructors.py", line 453, in asarray
    return array(a, dtype=dtype, copy=bool(copy), order=order, device=device,
           ^^^^^^^^^^^^^^^^^^^^^^^^^^^^^^^^^^^^^^^^^^^^^^^^^^^^^^^^^^^^^^^^^^
  File "/rds/user/jc2405/hpc-work/JaQMC/jaqmc/.venv/lib/python3.12/site-packages/jax/_src/numpy/array_constructors.py", line 338, in array
    out_array: Array = lax._convert_element_type(
                       ^^^^^^^^^^^^^^^^^^^^^^^^^^
  File "/rds/user/jc2405/hpc-work/JaQMC/jaqmc/.venv/lib/python3.12/site-packages/jax/_src/lax/lax.py", line 1755, in _convert_element_type
    return convert_element_type_p.bind(
           ^^^^^^^^^^^^^^^^^^^^^^^^^^^^
  File "/rds/user/jc2405/hpc-work/JaQMC/jaqmc/.venv/lib/python3.12/site-packages/jax/_src/core.py", line 705, in bind
    return self.bind_with_trace(prev_trace, args, avals, params)
           ^^^^^^^^^^^^^^^^^^^^^^^^^^^^^^^^^^^^^^^^^^^^^^^^^^^^^
  File "/rds/user/jc2405/hpc-work/JaQMC/jaqmc/.venv/lib/python3.12/site-packages/jax/_src/lax/lax.py", line 5335, in _convert_element_type_bind_with_trace
    operand = core.Primitive.bind_with_trace(convert_element_type_p, trace, args,
              ^^^^^^^^^^^^^^^^^^^^^^^^^^^^^^^^^^^^^^^^^^^^^^^^^^^^^^^^^^^^^^^^^^^
  File "/rds/user/jc2405/hpc-work/JaQMC/jaqmc/.venv/lib/python3.12/site-packages/jax/_src/core.py", line 713, in bind_with_trace
    return trace.process_primitive(self, args, params)
           ^^^^^^^^^^^^^^^^^^^^^^^^^^^^^^^^^^^^^^^^^^^
  File "/rds/user/jc2405/hpc-work/JaQMC/jaqmc/.venv/lib/python3.12/site-packages/jax/_src/core.py", line 1294, in process_primitive
    return primitive.impl(*args, **params)
           ^^^^^^^^^^^^^^^^^^^^^^^^^^^^^^^
  File "/rds/user/jc2405/hpc-work/JaQMC/jaqmc/.venv/lib/python3.12/site-packages/jax/_src/dispatch.py", line 88, in apply_primitive
    outs = fun(*args)
           ^^^^^^^^^^
RuntimeError: Unable to initialize backend 'rocm': Backend 'rocm' is not in the list of known backends: ['cpu', 'tpu', 'cuda']. (set JAX_PLATFORMS='' to automatically choose an available backend)
--------------------
For simplicity, JAX has removed its internal frames from the traceback of the following exception. Set JAX_TRACEBACK_FILTERING=off to include these.
