Loading rhel8/default-amp
  Loading requirement: rhel8/slurm singularity/current rhel8/global cuda/11.4
    libpciaccess/0.16/gcc-9.4.0-6fonbj6 libiconv/1.16/gcc-9.4.0-ahebbov
    libxml2/2.9.12/gcc-9.4.0-gnknt5e ncurses/6.2/gcc-9.4.0-aiirok7
    hwloc/2.5.0/gcc-9.4.0-7sqomga libevent/2.1.12/gcc-9.4.0-hgny7cm
    numactl/2.0.14/gcc-9.4.0-52dwc6n cuda/11.4.0/gcc-9.4.0-3hnxhjt
    gdrcopy/2.2/gcc-9.4.0-e4igtfp knem/1.1.4/gcc-9.4.0-bpbxgva
    libnl/3.3.0/gcc-9.4.0-whwhrwb rdma-core/34.0/gcc-9.4.0-5eo5n2u
    ucx/1.11.1/gcc-9.4.0-lktqyl4 openmpi/4.1.1/gcc-9.4.0-epagguv
Changed directory to /rds/user/jc2405/hpc-work/JaQMC/jaqmc.

JobID: 30576445
======
Time: Mon Jun 15 02:08:27 BST 2026
Running on master node: gpu-q-27
Current directory: /rds/user/jc2405/hpc-work/JaQMC/jaqmc

Nodes allocated:
================
gpu-q-27

numtasks=1, numnodes=1, mpi_tasks_per_node=1 (OMP_NUM_THREADS=1)

Executing command:
==================
jaqmc solid evaluate --yml ./configs/sc_h_chain.yml workflow.save_path=./runs/sc_h_chain_3.78_spin_6_6 workflow.source_path=./runs/sc_h_chain_3.78_spin_6_6

I | 06-15 02:08:56 | runtime  | Initialize a local runtime.
I | 06-15 02:09:46 |   jax    | Unable to initialize backend 'tpu': INTERNAL: Failed to open libtpu.so: libtpu.so: cannot open shared object file: No such file or directory
W | 06-15 02:09:46 |   jax    | An NVIDIA GPU may be present on this machine, but a CUDA-enabled jaxlib is not installed. Falling back to cpu.
I | 06-15 02:09:53 |  jaqmc   | ECP enabled for elements: ['Sc']
I | 06-15 02:09:53 |  config  | Resolved configurations:
# Defined in /rds/user/jc2405/hpc-work/JaQMC/jaqmc/src/jaqmc/utils/runtime.py:18
logging:
  level: info
  stream: stderr
# Defined in /rds/user/jc2405/hpc-work/JaQMC/jaqmc/src/jaqmc/utils/runtime.py:63
jax:
  enable_x64: false
  debug_infs: false
  debug_nans: false
  disable_jit: false
  default_matmul_precision: float32
# Defined in /rds/user/jc2405/hpc-work/JaQMC/jaqmc/src/jaqmc/utils/runtime.py:103
distributed:
  coordinator_address: null
  num_processes: 1
  process_id: 0
  initialization_timeout: 300
  wait_second_before_connect: 10.0
# Defined in /rds/user/jc2405/hpc-work/JaQMC/jaqmc/src/jaqmc/workflow/evaluation.py:21
workflow:
  seed: null
  batch_size: 4096
  save_path: ./runs/sc_h_chain_3.78_spin_6_6
  restore_path: ./runs/sc_h_chain_3.78_spin_6_6
  config:
    ignore_extra: false
    verbose: false
  source_path: ./runs/sc_h_chain_3.78_spin_6_6
# Defined in /rds/user/jc2405/hpc-work/JaQMC/jaqmc/src/jaqmc/app/solid/config/base.py:15
system:
  module: jaqmc.app.solid.config.base
  atoms:
  - symbol: Sc
    coords: [0.0, 0.0, 0.0]
    atomic_number: 21
    charge: 11.0
  - symbol: H
    coords: [3.78, 0.0, 0.0]
    atomic_number: 1
    charge: 1.0
  basis:
    Sc: ccecpccpvdz
    H: cc-pvdz
  ecp:
    Sc: ccecp
  electron_spins: [6, 6]
  fixed_spins_per_atom: null
  electron_init_width: 1.0
  lattice_vectors:
  - [7.56, 0.0, 0.0]
  - [0.0, 100.0, 0.0]
  - [0.0, 0.0, 100.0]
  supercell_matrix:
  - [1, 0, 0]
  - [0, 1, 0]
  - [0, 0, 1]
  twist: [0.0, 0.0, 0.0]
# Defined in /rds/user/jc2405/hpc-work/JaQMC/jaqmc/src/jaqmc/app/solid/wavefunction.py:23
wf:
  module: jaqmc.app.solid.wavefunction
  hidden_dims_single: [256, 256, 256, 256]
  hidden_dims_double: [32, 32, 32, 32]
  ndets: 16
  distance_type: nu
  envelope_type: abs_isotropic
  sym_type: minimal
  orbitals_spin_split: true
  full_det: true
# Defined in /rds/user/jc2405/hpc-work/JaQMC/jaqmc/src/jaqmc/workflow/stage/evaluation.py:30
run:
  check_vma: true
  iterations: 100
  burn_in: 0
  save_time_interval: 600
  save_step_interval: 1000
  digest_step_interval: 0
# Defined in /rds/user/jc2405/hpc-work/JaQMC/jaqmc/src/jaqmc/sampler/mcmc.py:57
sampler:
  steps: 10
  initial_width: 0.1
  adapt_frequency: 100
  pmove_range: [0.5, 0.55]
estimators:
  enabled:
    energy: true
    spin: false
    density: false
  energy:
    # Defined in /rds/user/jc2405/hpc-work/JaQMC/jaqmc/src/jaqmc/estimator/kinetic/euclidean.py:28
    kinetic:
      vmap_chunk_size: null
      mode: forward_laplacian
      sparsity_threshold: 0
    # Defined in /rds/user/jc2405/hpc-work/JaQMC/jaqmc/src/jaqmc/estimator/ecp/estimator.py:32
    ecp:
      vmap_chunk_size: null
      max_core: 2
      quadrature_id: null
      electrons_field: electrons
      atoms_field: atoms
I | 06-15 02:09:53 |  config  | Current config is the same as that of previous run.
I | 06-15 02:09:53 | workflow | Starting QMC with 1 local XLA devices across 1 processes.
I | 06-15 02:09:53 |  jaqmc   | Start KRHF

WARN: Even tempered Gaussians are generated as DF auxbasis for  Sc

converged SCF energy = -46.7672081027837
I | 06-15 02:24:06 |  jaqmc   | Complete KRHF
I | 06-15 02:24:15 |  jaqmc   | Setting Ewald alpha to 0.66137564
I | 06-15 02:24:18 |checkpoint| Restoring checkpoint /rds/user/jc2405/hpc-work/JaQMC/jaqmc/runs/sc_h_chain_3.78_spin_6_6/train_ckpt_009999.npz
I | 06-15 02:24:18 |checkpoint| Restored checkpoint /rds/user/jc2405/hpc-work/JaQMC/jaqmc/runs/sc_h_chain_3.78_spin_6_6/train_ckpt_009999.npz
I | 06-15 02:24:18 |evaluation| Evaluation digest will only be printed at the last step. Set evaluation stage config digest_step_interval to a non-zero value to enable digest previewing.
Traceback (most recent call last):
  File "/rds/user/jc2405/hpc-work/JaQMC/jaqmc/.venv/bin/jaqmc", line 10, in <module>
    sys.exit(cli())
             ^^^^^
  File "/rds/user/jc2405/hpc-work/JaQMC/jaqmc/.venv/lib/python3.12/site-packages/click/core.py", line 1485, in __call__
    return self.main(*args, **kwargs)
           ^^^^^^^^^^^^^^^^^^^^^^^^^^
  File "/rds/user/jc2405/hpc-work/JaQMC/jaqmc/.venv/lib/python3.12/site-packages/click/core.py", line 1406, in main
    rv = self.invoke(ctx)
         ^^^^^^^^^^^^^^^^
  File "/rds/user/jc2405/hpc-work/JaQMC/jaqmc/.venv/lib/python3.12/site-packages/click/core.py", line 1873, in invoke
    return _process_result(sub_ctx.command.invoke(sub_ctx))
                           ^^^^^^^^^^^^^^^^^^^^^^^^^^^^^^^
  File "/rds/user/jc2405/hpc-work/JaQMC/jaqmc/.venv/lib/python3.12/site-packages/click/core.py", line 1873, in invoke
    return _process_result(sub_ctx.command.invoke(sub_ctx))
                           ^^^^^^^^^^^^^^^^^^^^^^^^^^^^^^^
  File "/rds/user/jc2405/hpc-work/JaQMC/jaqmc/.venv/lib/python3.12/site-packages/click/core.py", line 1269, in invoke
    return ctx.invoke(self.callback, **ctx.params)
           ^^^^^^^^^^^^^^^^^^^^^^^^^^^^^^^^^^^^^^^
  File "/rds/user/jc2405/hpc-work/JaQMC/jaqmc/.venv/lib/python3.12/site-packages/click/core.py", line 824, in invoke
    return callback(*args, **kwargs)
           ^^^^^^^^^^^^^^^^^^^^^^^^^
  File "/rds/user/jc2405/hpc-work/JaQMC/jaqmc/src/jaqmc/utils/cli.py", line 39, in command
    workflow(cfg, dry_run=dry_run)
  File "/rds/user/jc2405/hpc-work/JaQMC/jaqmc/src/jaqmc/app/cli.py", line 103, in solid_evaluate
    SolidEvalWorkflow(cfg)(dry_run)
  File "/rds/user/jc2405/hpc-work/JaQMC/jaqmc/src/jaqmc/workflow/base.py", line 127, in __call__
    self.run()
  File "/rds/user/jc2405/hpc-work/JaQMC/jaqmc/src/jaqmc/app/solid/workflow.py", line 125, in run
    super().run()
  File "/rds/user/jc2405/hpc-work/JaQMC/jaqmc/src/jaqmc/workflow/evaluation.py", line 116, in run
    self.evaluation_stage.run(state, context, sub_rngs)
  File "/rds/user/jc2405/hpc-work/JaQMC/jaqmc/src/jaqmc/workflow/stage/evaluation.py", line 173, in run
    with self.hdf5.open():
         ^^^^^^^^^^^^^^^^
  File "/home/jc2405/.local/share/uv/python/cpython-3.12.13-linux-x86_64-gnu/lib/python3.12/contextlib.py", line 137, in __enter__
    return next(self.gen)
           ^^^^^^^^^^^^^^
  File "/rds/user/jc2405/hpc-work/JaQMC/jaqmc/src/jaqmc/workflow/stage/evaluation.py", line 56, in open
    with stats_path.open(open_mode) as raw, h5py.File(raw, "a") as h5:
                                            ^^^^^^^^^^^^^^^^^^^
  File "/rds/user/jc2405/hpc-work/JaQMC/jaqmc/.venv/lib/python3.12/site-packages/h5py/_hl/files.py", line 555, in __init__
    fid = make_fid(name, mode, userblock_size, fapl, fcpl, swmr=swmr)
          ^^^^^^^^^^^^^^^^^^^^^^^^^^^^^^^^^^^^^^^^^^^^^^^^^^^^^^^^^^^
  File "/rds/user/jc2405/hpc-work/JaQMC/jaqmc/.venv/lib/python3.12/site-packages/h5py/_hl/files.py", line 244, in make_fid
    fid = h5f.open(name, h5f.ACC_RDWR, fapl=fapl)
          ^^^^^^^^^^^^^^^^^^^^^^^^^^^^^^^^^^^^^^^
  File "h5py/_objects.pyx", line 54, in h5py._objects.with_phil.wrapper
  File "h5py/_objects.pyx", line 55, in h5py._objects.with_phil.wrapper
  File "h5py/h5f.pyx", line 106, in h5py.h5f.open
OSError: Unable to synchronously open file (file signature not found)
