Loading rhel8/default-amp
  Loading requirement: rhel8/slurm singularity/current rhel8/global cuda/11.4
    libpciaccess/0.16/gcc-9.4.0-6fonbj6 libiconv/1.16/gcc-9.4.0-ahebbov
    libxml2/2.9.12/gcc-9.4.0-gnknt5e ncurses/6.2/gcc-9.4.0-aiirok7
    hwloc/2.5.0/gcc-9.4.0-7sqomga libevent/2.1.12/gcc-9.4.0-hgny7cm
    numactl/2.0.14/gcc-9.4.0-52dwc6n cuda/11.4.0/gcc-9.4.0-3hnxhjt
    gdrcopy/2.2/gcc-9.4.0-e4igtfp knem/1.1.4/gcc-9.4.0-bpbxgva
    libnl/3.3.0/gcc-9.4.0-whwhrwb rdma-core/34.0/gcc-9.4.0-5eo5n2u
    ucx/1.11.1/gcc-9.4.0-lktqyl4 openmpi/4.1.1/gcc-9.4.0-epagguv
===== Diagnostics =====
Hostname: gpu-q-77
CUDA_VISIBLE_DEVICES=0,1,2,3
LD_LIBRARY_PATH=/rds/user/jc2405/hpc-work/JaQMC/jaqmc/.venv/lib/python3.12/site-packages/nvidia/cudnn/lib:/rds/user/jc2405/hpc-work/JaQMC/jaqmc/.venv/lib/python3.12/site-packages/nvidia/cuda_runtime/lib:/rds/user/jc2405/hpc-work/JaQMC/jaqmc/.venv/lib/python3.12/site-packages/nvidia/nccl/lib:/usr/local/software/cuda/12.1/lib64:/usr/local/software/cuda/12.1/lib:/usr/local/software/cuda/12.1/nvvm/lib64:/usr/local/software/master/gcc/11/lib64:/usr/local/software/master/gcc/11/lib:/usr/local/software/spack/spack-rhel8-20210927/opt/spack/linux-centos8-zen2/gcc-9.4.0/openmpi-4.1.1-epagguvqfrwuokz2ftiyzbxibae5afnn/lib:/usr/local/software/spack/spack-rhel8-20210927/opt/spack/linux-centos8-zen2/gcc-9.4.0/ucx-1.11.1-lktqyl4gjbz36wqifl2e2wonn65xtrsr/lib:/usr/local/software/spack/spack-rhel8-20210927/opt/spack/linux-centos8-zen2/gcc-9.4.0/rdma-core-34.0-5eo5n2uaghdvdvl33xjjqz5gn2aigh6f/lib64:/usr/local/software/spack/spack-rhel8-20210927/opt/spack/linux-centos8-zen2/gcc-9.4.0/rdma-core-34.0-5eo5n2uaghdvdvl33xjjqz5gn2aigh6f/lib:/usr/local/software/spack/spack-rhel8-20210927/opt/spack/linux-centos8-zen2/gcc-9.4.0/libnl-3.3.0-whwhrwb3ejbikv4jhcd6m7aol6pysuxz/lib:/usr/local/software/spack/spack-rhel8-20210927/opt/spack/linux-centos8-zen2/gcc-9.4.0/knem-1.1.4-bpbxgvamgp4mxiaulw4bwvy4dcggu3vu/lib:/usr/local/software/spack/spack-rhel8-20210927/opt/spack/linux-centos8-zen2/gcc-9.4.0/gdrcopy-2.2-e4igtfpykmoeel576nnlyrwwl6udeu4r/lib64:/usr/local/software/spack/spack-rhel8-20210927/opt/spack/linux-centos8-zen2/gcc-9.4.0/gdrcopy-2.2-e4igtfpykmoeel576nnlyrwwl6udeu4r/lib:/usr/local/software/spack/spack-rhel8-20210927/opt/spack/linux-centos8-zen2/gcc-9.4.0/cuda-11.4.0-3hnxhjt2jt4ruy75w2q4mnvkw7dty72l/lib64:/usr/local/software/spack/spack-rhel8-20210927/opt/spack/linux-centos8-zen2/gcc-9.4.0/numactl-2.0.14-52dwc6npektl3avvx4dblusvs3rfvvb7/lib:/usr/local/software/spack/spack-rhel8-20210927/opt/spack/linux-centos8-zen2/gcc-9.4.0/libevent-2.1.12-hgny7cm624oobvjbfyatcdfuv6bxak6w/lib:/usr/local/software/spack/spack-rhel8-20210927/opt/spack/linux-centos8-zen2/gcc-9.4.0/hwloc-2.5.0-7sqomgasef2ztjk33fdqgboe5orqs2d3/lib:/usr/local/software/spack/spack-rhel8-20210927/opt/spack/linux-centos8-zen2/gcc-9.4.0/ncurses-6.2-aiirok73uxst5qo6rpgoxlrxzk52hcjw/lib:/usr/local/software/spack/spack-rhel8-20210927/opt/spack/linux-centos8-zen2/gcc-9.4.0/libxml2-2.9.12-gnknt5ehw7jxej2vtnwg4o5ghtywuep3/lib:/usr/local/software/spack/spack-rhel8-20210927/opt/spack/linux-centos8-zen2/gcc-9.4.0/libiconv-1.16-ahebbovdqo62ehso6t6rwu7kit4bo76z/lib:/usr/local/software/spack/spack-rhel8-20210927/opt/spack/linux-centos8-zen2/gcc-9.4.0/libpciaccess-0.16-6fonbj6jk6ifffsmvprditioexo2agjz/lib:/usr/local/software/cuda/11.4/lib64:/usr/local/software/cuda/11.4/lib:/usr/local/software/cuda/11.4/nvvm/lib64:/usr/local/software/global-rhel8/lib:/usr/local/software/slurm/current-rhel8/lib
Sat Jun 20 21:18:26 2026
+-----------------------------------------------------------------------------------------+
| NVIDIA-SMI 595.71.05              Driver Version: 595.71.05      CUDA Version: 13.2     |
+-----------------------------------------+------------------------+----------------------+
| GPU  Name                 Persistence-M | Bus-Id          Disp.A | Volatile Uncorr. ECC |
| Fan  Temp   Perf          Pwr:Usage/Cap |           Memory-Usage | GPU-Util  Compute M. |
|                                         |                        |               MIG M. |
|=========================================+========================+======================|
|   0  NVIDIA A100-SXM4-80GB          On  |   00000000:01:00.0 Off |                    0 |
| N/A   35C    P0             66W /  500W |       0MiB /  81920MiB |      0%      Default |
|                                         |                        |             Disabled |
+-----------------------------------------+------------------------+----------------------+
|   1  NVIDIA A100-SXM4-80GB          On  |   00000000:41:00.0 Off |                    0 |
| N/A   32C    P0             64W /  500W |       0MiB /  81920MiB |      0%      Default |
|                                         |                        |             Disabled |
+-----------------------------------------+------------------------+----------------------+
|   2  NVIDIA A100-SXM4-80GB          On  |   00000000:81:00.0 Off |                    0 |
| N/A   35C    P0             64W /  500W |       0MiB /  81920MiB |      0%      Default |
|                                         |                        |             Disabled |
+-----------------------------------------+------------------------+----------------------+
|   3  NVIDIA A100-SXM4-80GB          On  |   00000000:C1:00.0 Off |                    0 |
| N/A   32C    P0             65W /  500W |       0MiB /  81920MiB |      0%      Default |
|                                         |                        |             Disabled |
+-----------------------------------------+------------------------+----------------------+

+-----------------------------------------------------------------------------------------+
| Processes:                                                                              |
|  GPU   GI   CI              PID   Type   Process name                        GPU Memory |
|        ID   ID                                                               Usage      |
|=========================================================================================|
|  No running processes found                                                             |
+-----------------------------------------------------------------------------------------+
Loading NCCL...
Traceback (most recent call last):
  File "<stdin>", line 4, in <module>
  File "/home/jc2405/.local/share/uv/python/cpython-3.12.13-linux-x86_64-gnu/lib/python3.12/ctypes/__init__.py", line 379, in __init__
    self._handle = _dlopen(self._name, mode)
                   ^^^^^^^^^^^^^^^^^^^^^^^^^
OSError: libnccl.so: cannot open shared object file: No such file or directory
=======================
Changed directory to /rds/user/jc2405/hpc-work/JaQMC/jaqmc.

JobID: 30844739
======
Time: Sat Jun 20 21:18:27 BST 2026
Running on master node: gpu-q-77
Current directory: /rds/user/jc2405/hpc-work/JaQMC/jaqmc

Nodes allocated:
================
gpu-q-77

numtasks=1, numnodes=1, mpi_tasks_per_node=1 (OMP_NUM_THREADS=1)

Executing command:
==================
jaqmc solid train   --yml /rds/user/jc2405/hpc-work/JaQMC/jaqmc/configs/sc_h_h_chain.yml   workflow.save_path=/rds/user/jc2405/hpc-work/JaQMC/jaqmc/runs/sc_h_h_chain_3.78_spin_7_6_density  pretrain.run.iterations=1000 train.run.iterations=10000

I | 06-20 21:18:49 | runtime  | Initialize a local runtime.
E | 06-20 21:19:28 |   jax    | Jax plugin configuration error: Exception when calling jax_plugins.xla_cuda12.initialize()
Traceback (most recent call last):
  File "/rds/user/jc2405/hpc-work/JaQMC/jaqmc/.venv/lib/python3.12/site-packages/jax_plugins/xla_cuda12/__init__.py", line 201, in _version_check
    version = get_version()
              ^^^^^^^^^^^^^
RuntimeError: jaxlib/cuda/versions_helpers.cc:85: operation cusparseGetProperty(MAJOR_VERSION, &major) failed: The cuSPARSE library was not found.

The above exception was the direct cause of the following exception:

Traceback (most recent call last):
  File "/rds/user/jc2405/hpc-work/JaQMC/jaqmc/.venv/lib/python3.12/site-packages/jax/_src/xla_bridge.py", line 508, in discover_pjrt_plugins
    plugin_module.initialize()
  File "/rds/user/jc2405/hpc-work/JaQMC/jaqmc/.venv/lib/python3.12/site-packages/jax_plugins/xla_cuda12/__init__.py", line 370, in initialize
    _check_cuda_versions(raise_on_first_error = True)
  File "/rds/user/jc2405/hpc-work/JaQMC/jaqmc/.venv/lib/python3.12/site-packages/jax_plugins/xla_cuda12/__init__.py", line 266, in _check_cuda_versions
    _version_check("cuSPARSE", cuda_versions.cusparse_get_version,
  File "/rds/user/jc2405/hpc-work/JaQMC/jaqmc/.venv/lib/python3.12/site-packages/jax_plugins/xla_cuda12/__init__.py", line 205, in _version_check
    raise RuntimeError(err_msg) from e
RuntimeError: Unable to load cuSPARSE. Is it installed?
I | 06-20 21:19:28 |   jax    | Unable to initialize backend 'tpu': INTERNAL: Failed to open libtpu.so: libtpu.so: cannot open shared object file: No such file or directory
W | 06-20 21:19:28 |   jax    | An NVIDIA GPU may be present on this machine, but a CUDA-enabled jaxlib is not installed. Falling back to cpu.
I | 06-20 21:19:30 |  jaqmc   | ECP enabled for elements: ['Sc']
I | 06-20 21:19:30 |  config  | Resolved configurations:
# Defined in /rds/user/jc2405/hpc-work/JaQMC/jaqmc/src/jaqmc/utils/runtime.py:18
logging:
  level: info
  stream: stderr
# Defined in /rds/user/jc2405/hpc-work/JaQMC/jaqmc/src/jaqmc/utils/runtime.py:63
jax:
  enable_x64: false
  debug_infs: false
  debug_nans: false
  disable_jit: false
  default_matmul_precision: float32
# Defined in /rds/user/jc2405/hpc-work/JaQMC/jaqmc/src/jaqmc/utils/runtime.py:103
distributed:
  coordinator_address: null
  num_processes: 1
  process_id: 0
  initialization_timeout: 300
  wait_second_before_connect: 10.0
# Defined in /rds/user/jc2405/hpc-work/JaQMC/jaqmc/src/jaqmc/workflow/base.py:42
workflow:
  seed: null
  batch_size: 4096
  save_path: /rds/user/jc2405/hpc-work/JaQMC/jaqmc/runs/sc_h_h_chain_3.78_spin_7_6_density
  restore_path: /rds/user/jc2405/hpc-work/JaQMC/jaqmc/runs/sc_h_h_chain_3.78_spin_7_6_density
  config:
    ignore_extra: false
    verbose: false
# Defined in /rds/user/jc2405/hpc-work/JaQMC/jaqmc/src/jaqmc/app/solid/config/base.py:15
system:
  module: jaqmc.app.solid.config.base
  atoms:
  - symbol: Sc
    coords: [0.0, 0.0, 0.0]
    atomic_number: 21
    charge: 11.0
  - symbol: H
    coords: [3.78, 0.0, 0.0]
    atomic_number: 1
    charge: 1.0
  - symbol: H
    coords: [7.56, 0.0, 0.0]
    atomic_number: 1
    charge: 1.0
  - symbol: H
    coords: [11.34, 0.0, 0.0]
    atomic_number: 1
    charge: 1.0
  basis:
    Sc: ccecpccpvdz
    H: cc-pvdz
  ecp:
    Sc: ccecp
  electron_spins: [7, 7]
  fixed_spins_per_atom: null
  electron_init_width: 1.0
  lattice_vectors:
  - [15.12, 0.0, 0.0]
  - [0.0, 200.0, 0.0]
  - [0.0, 0.0, 200.0]
  supercell_matrix:
  - [1, 0, 0]
  - [0, 1, 0]
  - [0, 0, 1]
  twist: [0.0, 0.0, 0.0]
# Defined in /rds/user/jc2405/hpc-work/JaQMC/jaqmc/src/jaqmc/app/solid/wavefunction.py:23
wf:
  module: jaqmc.app.solid.wavefunction
  hidden_dims_single: [256, 256, 256, 256]
  hidden_dims_double: [32, 32, 32, 32]
  ndets: 16
  distance_type: nu
  envelope_type: abs_isotropic
  sym_type: minimal
  orbitals_spin_split: true
  full_det: true
# Defined in /rds/user/jc2405/hpc-work/JaQMC/jaqmc/src/jaqmc/sampler/mcmc.py:57
sampler:
  steps: 10
  initial_width: 0.1
  adapt_frequency: 100
  pmove_range: [0.5, 0.55]
pretrain:
  # Defined in /rds/user/jc2405/hpc-work/JaQMC/jaqmc/src/jaqmc/workflow/stage/vmc.py:30
  run:
    check_vma: true
    iterations: 1000
    burn_in: 100
    save_time_interval: 600
    save_step_interval: 1000
    stop_on_nan: loss
  # Defined in /rds/user/jc2405/hpc-work/JaQMC/jaqmc/src/jaqmc/workflow/stage/vmc.py:77
  optim:
    module: jaqmc.optimizer.optax:adam
    learning_rate:
      module: jaqmc.optimizer.schedule:Standard
      rate: 0.0003
      delay: 2000.0
      decay: 1.0
    b1: 0.9
    b2: 0.999
    eps: 1.0e-08
    eps_root: 0.0
  writers:
    # Defined in /rds/user/jc2405/hpc-work/JaQMC/jaqmc/src/jaqmc/writer/console.py:75
    console:
      module: jaqmc.writer.console:ConsoleWriter
      interval: 1
      fields: loss
    # Defined in /rds/user/jc2405/hpc-work/JaQMC/jaqmc/src/jaqmc/writer/hdf5.py:28
    hdf5:
      module: jaqmc.writer.hdf5:HDF5Writer
      path_template: '{stage}_stats.h5'
    # Defined in /rds/user/jc2405/hpc-work/JaQMC/jaqmc/src/jaqmc/writer/csv.py:21
    csv:
      module: jaqmc.writer.csv:CSVWriter
      path_template: '{stage}_stats.csv'
train:
  # Defined in /rds/user/jc2405/hpc-work/JaQMC/jaqmc/src/jaqmc/workflow/stage/vmc.py:30
  run:
    check_vma: true
    iterations: 10000
    burn_in: 100
    save_time_interval: 600
    save_step_interval: 1000
    stop_on_nan: loss
  # Defined in /rds/user/jc2405/hpc-work/JaQMC/jaqmc/src/jaqmc/workflow/stage/vmc.py:77
  optim:
    module: jaqmc.optimizer.kfac:KFACOptimizer
    learning_rate:
      module: jaqmc.optimizer.schedule:Standard
      rate: 0.05
      delay: 2000.0
      decay: 1.0
    norm_constraint: 0.001
    curvature_ema: 0.95
    l2_reg: 0.0
    inverse_update_period: 1
    damping: 0.001
  # Defined in /rds/user/jc2405/hpc-work/JaQMC/jaqmc/src/jaqmc/estimator/loss_grad.py:24
  grads:
    vmap_chunk_size: null
    loss_key: total_energy
    clip_scale: 5.0
  writers:
    # Defined in /rds/user/jc2405/hpc-work/JaQMC/jaqmc/src/jaqmc/writer/console.py:75
    console:
      module: jaqmc.writer.console:ConsoleWriter
      interval: 1
      fields: pmove:.2f,energy=total_energy:.4f,variance=total_energy_var:.4f
    # Defined in /rds/user/jc2405/hpc-work/JaQMC/jaqmc/src/jaqmc/writer/hdf5.py:28
    hdf5:
      module: jaqmc.writer.hdf5:HDF5Writer
      path_template: '{stage}_stats.h5'
    # Defined in /rds/user/jc2405/hpc-work/JaQMC/jaqmc/src/jaqmc/writer/csv.py:21
    csv:
      module: jaqmc.writer.csv:CSVWriter
      path_template: '{stage}_stats.csv'
estimators:
  energy:
    # Defined in /rds/user/jc2405/hpc-work/JaQMC/jaqmc/src/jaqmc/estimator/kinetic/euclidean.py:28
    kinetic:
      vmap_chunk_size: null
      mode: forward_laplacian
      sparsity_threshold: 0
    # Defined in /rds/user/jc2405/hpc-work/JaQMC/jaqmc/src/jaqmc/estimator/ecp/estimator.py:32
    ecp:
      vmap_chunk_size: null
      max_core: 2
      quadrature_id: null
      electrons_field: electrons
      atoms_field: atoms
  enabled:
    spin: false
    density: true
  # Defined in /rds/user/jc2405/hpc-work/JaQMC/jaqmc/src/jaqmc/estimator/density/fractional.py:30
  density:
    axes:
      a:
        lattice_index: 0
        bins: 100
      b: null
      c: null
I | 06-20 21:19:30 |  config  | Current config is the same as that of previous run.
I | 06-20 21:19:30 | workflow | Starting QMC with 1 local XLA devices across 1 processes.
I | 06-20 21:19:30 |  jaqmc   | Start KRHF

WARN: Even tempered Gaussians are generated as DF auxbasis for  Sc


WARN: HOMO -0.19769880398 == LUMO -0.19769869209

converged SCF energy = -46.774168467821
I | 06-20 22:19:57 |  jaqmc   | Complete KRHF
I | 06-20 22:20:05 | pretrain | Start 1000 pretrain steps.
I | 06-20 22:20:06 |  jaqmc   | Start burn in 100 steps.
I | 06-20 22:20:07 |  jaqmc   | Burn in 100 steps complete.
I | 06-20 22:34:07 | pretrain | step=0, loss=0.0633
I | 06-20 22:34:19 | pretrain | step=1, loss=0.0313
I | 06-20 22:34:31 | pretrain | step=2, loss=0.0190
I | 06-20 22:34:42 | pretrain | step=3, loss=0.0145
I | 06-20 22:34:55 | pretrain | step=4, loss=0.0123
I | 06-20 22:35:07 | pretrain | step=5, loss=0.0110
I | 06-20 22:35:19 | pretrain | step=6, loss=0.0098
I | 06-20 22:35:30 | pretrain | step=7, loss=0.0089
I | 06-20 22:35:42 | pretrain | step=8, loss=0.0083
I | 06-20 22:35:54 | pretrain | step=9, loss=0.0077
I | 06-20 22:36:05 | pretrain | step=10, loss=0.0071
I | 06-20 22:36:17 | pretrain | step=11, loss=0.0065
I | 06-20 22:36:28 | pretrain | step=12, loss=0.0062
I | 06-20 22:36:39 | pretrain | step=13, loss=0.0058
I | 06-20 22:36:51 | pretrain | step=14, loss=0.0054
I | 06-20 22:37:02 | pretrain | step=15, loss=0.0051
I | 06-20 22:37:14 | pretrain | step=16, loss=0.0048
I | 06-20 22:37:27 | pretrain | step=17, loss=0.0046
I | 06-20 22:37:39 | pretrain | step=18, loss=0.0044
I | 06-20 22:37:51 | pretrain | step=19, loss=0.0041
I | 06-20 22:38:03 | pretrain | step=20, loss=0.0040
I | 06-20 22:38:15 | pretrain | step=21, loss=0.0038
I | 06-20 22:38:28 | pretrain | step=22, loss=0.0037
I | 06-20 22:38:39 | pretrain | step=23, loss=0.0035
I | 06-20 22:38:51 | pretrain | step=24, loss=0.0034
I | 06-20 22:39:03 | pretrain | step=25, loss=0.0033
I | 06-20 22:39:15 | pretrain | step=26, loss=0.0032
I | 06-20 22:39:26 | pretrain | step=27, loss=0.0031
I | 06-20 22:39:38 | pretrain | step=28, loss=0.0030
I | 06-20 22:39:51 | pretrain | step=29, loss=0.0029
I | 06-20 22:40:03 | pretrain | step=30, loss=0.0028
I | 06-20 22:40:14 | pretrain | step=31, loss=0.0028
I | 06-20 22:40:25 | pretrain | step=32, loss=0.0027
I | 06-20 22:40:38 | pretrain | step=33, loss=0.0026
I | 06-20 22:40:49 | pretrain | step=34, loss=0.0026
I | 06-20 22:41:01 | pretrain | step=35, loss=0.0025
I | 06-20 22:41:12 | pretrain | step=36, loss=0.0025
I | 06-20 22:41:23 | pretrain | step=37, loss=0.0024
I | 06-20 22:41:34 | pretrain | step=38, loss=0.0024
I | 06-20 22:41:46 | pretrain | step=39, loss=0.0023
I | 06-20 22:41:58 | pretrain | step=40, loss=0.0023
I | 06-20 22:42:10 | pretrain | step=41, loss=0.0023
I | 06-20 22:42:21 | pretrain | step=42, loss=0.0022
I | 06-20 22:42:33 | pretrain | step=43, loss=0.0022
I | 06-20 22:42:45 | pretrain | step=44, loss=0.0022
I | 06-20 22:42:58 | pretrain | step=45, loss=0.0021
I | 06-20 22:43:10 | pretrain | step=46, loss=0.0021
I | 06-20 22:43:22 | pretrain | step=47, loss=0.0021
I | 06-20 22:43:34 | pretrain | step=48, loss=0.0021
I | 06-20 22:43:45 | pretrain | step=49, loss=0.0020
I | 06-20 22:43:57 | pretrain | step=50, loss=0.0020
I | 06-20 22:44:09 | pretrain | step=51, loss=0.0020
I | 06-20 22:44:20 | pretrain | step=52, loss=0.0020
I | 06-20 22:44:32 | pretrain | step=53, loss=0.0020
I | 06-20 22:44:43 | pretrain | step=54, loss=0.0020
I | 06-20 22:44:56 | pretrain | step=55, loss=0.0020
I | 06-20 22:45:07 | pretrain | step=56, loss=0.0019
I | 06-20 22:45:19 | pretrain | step=57, loss=0.0019
I | 06-20 22:45:31 | pretrain | step=58, loss=0.0019
I | 06-20 22:45:42 | pretrain | step=59, loss=0.0019
I | 06-20 22:45:53 | pretrain | step=60, loss=0.0018
I | 06-20 22:46:06 | pretrain | step=61, loss=0.0018
I | 06-20 22:46:17 | pretrain | step=62, loss=0.0018
I | 06-20 22:46:30 | pretrain | step=63, loss=0.0018
I | 06-20 22:46:42 | pretrain | step=64, loss=0.0018
I | 06-20 22:46:53 | pretrain | step=65, loss=0.0017
I | 06-20 22:47:05 | pretrain | step=66, loss=0.0017
I | 06-20 22:47:18 | pretrain | step=67, loss=0.0017
I | 06-20 22:47:30 | pretrain | step=68, loss=0.0017
I | 06-20 22:47:41 | pretrain | step=69, loss=0.0017
I | 06-20 22:47:53 | pretrain | step=70, loss=0.0017
I | 06-20 22:48:04 | pretrain | step=71, loss=0.0017
I | 06-20 22:48:16 | pretrain | step=72, loss=0.0017
I | 06-20 22:48:28 | pretrain | step=73, loss=0.0016
I | 06-20 22:48:39 | pretrain | step=74, loss=0.0016
I | 06-20 22:48:51 | pretrain | step=75, loss=0.0016
I | 06-20 22:49:03 | pretrain | step=76, loss=0.0016
I | 06-20 22:49:15 | pretrain | step=77, loss=0.0016
I | 06-20 22:49:26 | pretrain | step=78, loss=0.0016
I | 06-20 22:49:37 | pretrain | step=79, loss=0.0016
I | 06-20 22:49:49 | pretrain | step=80, loss=0.0016
I | 06-20 22:50:02 | pretrain | step=81, loss=0.0016
I | 06-20 22:50:14 | pretrain | step=82, loss=0.0016
I | 06-20 22:50:26 | pretrain | step=83, loss=0.0015
I | 06-20 22:50:38 | pretrain | step=84, loss=0.0015
I | 06-20 22:50:49 | pretrain | step=85, loss=0.0015
I | 06-20 22:51:01 | pretrain | step=86, loss=0.0015
I | 06-20 22:51:12 | pretrain | step=87, loss=0.0015
I | 06-20 22:51:23 | pretrain | step=88, loss=0.0015
I | 06-20 22:51:35 | pretrain | step=89, loss=0.0015
I | 06-20 22:51:47 | pretrain | step=90, loss=0.0015
I | 06-20 22:51:58 | pretrain | step=91, loss=0.0015
I | 06-20 22:52:10 | pretrain | step=92, loss=0.0015
I | 06-20 22:52:21 | pretrain | step=93, loss=0.0015
I | 06-20 22:52:34 | pretrain | step=94, loss=0.0015
I | 06-20 22:52:46 | pretrain | step=95, loss=0.0015
I | 06-20 22:52:58 | pretrain | step=96, loss=0.0015
I | 06-20 22:53:10 | pretrain | step=97, loss=0.0014
I | 06-20 22:53:22 | pretrain | step=98, loss=0.0014
I | 06-20 22:53:34 | pretrain | step=99, loss=0.0014
I | 06-20 22:53:46 | pretrain | step=100, loss=0.0014
I | 06-20 22:53:58 | pretrain | step=101, loss=0.0014
I | 06-20 22:54:10 | pretrain | step=102, loss=0.0014
I | 06-20 22:54:21 | pretrain | step=103, loss=0.0014
I | 06-20 22:54:33 | pretrain | step=104, loss=0.0014
I | 06-20 22:54:44 | pretrain | step=105, loss=0.0014
I | 06-20 22:54:56 | pretrain | step=106, loss=0.0014
I | 06-20 22:55:07 | pretrain | step=107, loss=0.0013
I | 06-20 22:55:19 | pretrain | step=108, loss=0.0013
I | 06-20 22:55:32 | pretrain | step=109, loss=0.0013
I | 06-20 22:55:44 | pretrain | step=110, loss=0.0013
I | 06-20 22:55:56 | pretrain | step=111, loss=0.0013
I | 06-20 22:56:07 | pretrain | step=112, loss=0.0013
I | 06-20 22:56:19 | pretrain | step=113, loss=0.0013
I | 06-20 22:56:31 | pretrain | step=114, loss=0.0013
I | 06-20 22:56:42 | pretrain | step=115, loss=0.0013
I | 06-20 22:56:54 | pretrain | step=116, loss=0.0013
I | 06-20 22:57:05 | pretrain | step=117, loss=0.0013
I | 06-20 22:57:17 | pretrain | step=118, loss=0.0013
I | 06-20 22:57:29 | pretrain | step=119, loss=0.0013
I | 06-20 22:57:42 | pretrain | step=120, loss=0.0013
I | 06-20 22:57:53 | pretrain | step=121, loss=0.0013
I | 06-20 22:58:05 | pretrain | step=122, loss=0.0013
I | 06-20 22:58:16 | pretrain | step=123, loss=0.0013
I | 06-20 22:58:28 | pretrain | step=124, loss=0.0013
I | 06-20 22:58:39 | pretrain | step=125, loss=0.0013
I | 06-20 22:58:50 | pretrain | step=126, loss=0.0013
I | 06-20 22:59:02 | pretrain | step=127, loss=0.0012
I | 06-20 22:59:13 | pretrain | step=128, loss=0.0012
I | 06-20 22:59:25 | pretrain | step=129, loss=0.0012
I | 06-20 22:59:37 | pretrain | step=130, loss=0.0012
I | 06-20 22:59:48 | pretrain | step=131, loss=0.0012
I | 06-20 23:00:00 | pretrain | step=132, loss=0.0012
I | 06-20 23:00:11 | pretrain | step=133, loss=0.0012
I | 06-20 23:00:22 | pretrain | step=134, loss=0.0012
I | 06-20 23:00:34 | pretrain | step=135, loss=0.0012
I | 06-20 23:00:45 | pretrain | step=136, loss=0.0012
I | 06-20 23:00:57 | pretrain | step=137, loss=0.0012
I | 06-20 23:01:09 | pretrain | step=138, loss=0.0012
I | 06-20 23:01:20 | pretrain | step=139, loss=0.0012
I | 06-20 23:01:32 | pretrain | step=140, loss=0.0012
I | 06-20 23:01:45 | pretrain | step=141, loss=0.0012
I | 06-20 23:01:57 | pretrain | step=142, loss=0.0012
I | 06-20 23:02:08 | pretrain | step=143, loss=0.0012
I | 06-20 23:02:20 | pretrain | step=144, loss=0.0012
I | 06-20 23:02:33 | pretrain | step=145, loss=0.0012
I | 06-20 23:02:45 | pretrain | step=146, loss=0.0012
I | 06-20 23:02:56 | pretrain | step=147, loss=0.0012
I | 06-20 23:03:08 | pretrain | step=148, loss=0.0012
I | 06-20 23:03:19 | pretrain | step=149, loss=0.0012
I | 06-20 23:03:31 | pretrain | step=150, loss=0.0012
I | 06-20 23:03:42 | pretrain | step=151, loss=0.0011
I | 06-20 23:03:54 | pretrain | step=152, loss=0.0011
I | 06-20 23:04:05 | pretrain | step=153, loss=0.0011
I | 06-20 23:04:17 | pretrain | step=154, loss=0.0012
I | 06-20 23:04:29 | pretrain | step=155, loss=0.0011
I | 06-20 23:04:41 | pretrain | step=156, loss=0.0011
I | 06-20 23:04:53 | pretrain | step=157, loss=0.0011
I | 06-20 23:05:05 | pretrain | step=158, loss=0.0011
I | 06-20 23:05:16 | pretrain | step=159, loss=0.0011
I | 06-20 23:05:28 | pretrain | step=160, loss=0.0011
I | 06-20 23:05:40 | pretrain | step=161, loss=0.0011
I | 06-20 23:05:52 | pretrain | step=162, loss=0.0011
I | 06-20 23:06:03 | pretrain | step=163, loss=0.0011
I | 06-20 23:06:15 | pretrain | step=164, loss=0.0011
I | 06-20 23:06:26 | pretrain | step=165, loss=0.0011
I | 06-20 23:06:38 | pretrain | step=166, loss=0.0011
I | 06-20 23:06:49 | pretrain | step=167, loss=0.0011
I | 06-20 23:07:01 | pretrain | step=168, loss=0.0011
I | 06-20 23:07:13 | pretrain | step=169, loss=0.0011
I | 06-20 23:07:24 | pretrain | step=170, loss=0.0011
I | 06-20 23:07:36 | pretrain | step=171, loss=0.0011
I | 06-20 23:07:47 | pretrain | step=172, loss=0.0011
I | 06-20 23:07:58 | pretrain | step=173, loss=0.0011
I | 06-20 23:08:11 | pretrain | step=174, loss=0.0011
I | 06-20 23:08:23 | pretrain | step=175, loss=0.0011
I | 06-20 23:08:34 | pretrain | step=176, loss=0.0011
I | 06-20 23:08:46 | pretrain | step=177, loss=0.0011
I | 06-20 23:08:57 | pretrain | step=178, loss=0.0011
I | 06-20 23:09:09 | pretrain | step=179, loss=0.0011
I | 06-20 23:09:21 | pretrain | step=180, loss=0.0011
I | 06-20 23:09:33 | pretrain | step=181, loss=0.0011
I | 06-20 23:09:45 | pretrain | step=182, loss=0.0011
I | 06-20 23:09:56 | pretrain | step=183, loss=0.0011
I | 06-20 23:10:08 | pretrain | step=184, loss=0.0010
I | 06-20 23:10:19 | pretrain | step=185, loss=0.0011
I | 06-20 23:10:31 | pretrain | step=186, loss=0.0010
I | 06-20 23:10:43 | pretrain | step=187, loss=0.0011
I | 06-20 23:10:55 | pretrain | step=188, loss=0.0010
I | 06-20 23:11:06 | pretrain | step=189, loss=0.0010
I | 06-20 23:11:18 | pretrain | step=190, loss=0.0010
I | 06-20 23:11:30 | pretrain | step=191, loss=0.0010
I | 06-20 23:11:41 | pretrain | step=192, loss=0.0010
I | 06-20 23:11:53 | pretrain | step=193, loss=0.0010
I | 06-20 23:12:05 | pretrain | step=194, loss=0.0010
I | 06-20 23:12:17 | pretrain | step=195, loss=0.0010
I | 06-20 23:12:28 | pretrain | step=196, loss=0.0010
I | 06-20 23:12:40 | pretrain | step=197, loss=0.0010
I | 06-20 23:12:51 | pretrain | step=198, loss=0.0010
I | 06-20 23:13:03 | pretrain | step=199, loss=0.0010
I | 06-20 23:13:15 | pretrain | step=200, loss=0.0010
I | 06-20 23:13:27 | pretrain | step=201, loss=0.0010
I | 06-20 23:13:39 | pretrain | step=202, loss=0.0010
I | 06-20 23:13:50 | pretrain | step=203, loss=0.0010
I | 06-20 23:14:02 | pretrain | step=204, loss=0.0010
I | 06-20 23:14:14 | pretrain | step=205, loss=0.0010
I | 06-20 23:14:26 | pretrain | step=206, loss=0.0010
I | 06-20 23:14:38 | pretrain | step=207, loss=0.0010
I | 06-20 23:14:49 | pretrain | step=208, loss=0.0010
I | 06-20 23:15:02 | pretrain | step=209, loss=0.0010
I | 06-20 23:15:14 | pretrain | step=210, loss=0.0010
I | 06-20 23:15:25 | pretrain | step=211, loss=0.0010
I | 06-20 23:15:37 | pretrain | step=212, loss=0.0010
I | 06-20 23:15:49 | pretrain | step=213, loss=0.0010
I | 06-20 23:16:01 | pretrain | step=214, loss=0.0009
I | 06-20 23:16:12 | pretrain | step=215, loss=0.0010
I | 06-20 23:16:24 | pretrain | step=216, loss=0.0010
I | 06-20 23:16:36 | pretrain | step=217, loss=0.0010
I | 06-20 23:16:47 | pretrain | step=218, loss=0.0010
I | 06-20 23:16:59 | pretrain | step=219, loss=0.0010
I | 06-20 23:17:12 | pretrain | step=220, loss=0.0010
I | 06-20 23:17:24 | pretrain | step=221, loss=0.0010
I | 06-20 23:17:36 | pretrain | step=222, loss=0.0010
I | 06-20 23:17:48 | pretrain | step=223, loss=0.0009
I | 06-20 23:18:00 | pretrain | step=224, loss=0.0010
I | 06-20 23:18:12 | pretrain | step=225, loss=0.0009
I | 06-20 23:18:23 | pretrain | step=226, loss=0.0010
I | 06-20 23:18:35 | pretrain | step=227, loss=0.0009
I | 06-20 23:18:46 | pretrain | step=228, loss=0.0009
I | 06-20 23:18:58 | pretrain | step=229, loss=0.0010
I | 06-20 23:19:09 | pretrain | step=230, loss=0.0009
I | 06-20 23:19:21 | pretrain | step=231, loss=0.0009
I | 06-20 23:19:33 | pretrain | step=232, loss=0.0010
I | 06-20 23:19:44 | pretrain | step=233, loss=0.0009
I | 06-20 23:19:56 | pretrain | step=234, loss=0.0009
I | 06-20 23:20:07 | pretrain | step=235, loss=0.0009
I | 06-20 23:20:19 | pretrain | step=236, loss=0.0009
I | 06-20 23:20:31 | pretrain | step=237, loss=0.0009
I | 06-20 23:20:43 | pretrain | step=238, loss=0.0009
I | 06-20 23:20:55 | pretrain | step=239, loss=0.0009
I | 06-20 23:21:06 | pretrain | step=240, loss=0.0009
I | 06-20 23:21:18 | pretrain | step=241, loss=0.0009
I | 06-20 23:21:30 | pretrain | step=242, loss=0.0009
I | 06-20 23:21:42 | pretrain | step=243, loss=0.0009
I | 06-20 23:21:53 | pretrain | step=244, loss=0.0009
I | 06-20 23:22:05 | pretrain | step=245, loss=0.0009
I | 06-20 23:22:17 | pretrain | step=246, loss=0.0009
I | 06-20 23:22:29 | pretrain | step=247, loss=0.0009
I | 06-20 23:22:40 | pretrain | step=248, loss=0.0009
I | 06-20 23:22:52 | pretrain | step=249, loss=0.0009
I | 06-20 23:23:04 | pretrain | step=250, loss=0.0009
I | 06-20 23:23:16 | pretrain | step=251, loss=0.0009
I | 06-20 23:23:27 | pretrain | step=252, loss=0.0009
I | 06-20 23:23:39 | pretrain | step=253, loss=0.0009
I | 06-20 23:23:51 | pretrain | step=254, loss=0.0009
I | 06-20 23:24:02 | pretrain | step=255, loss=0.0009
I | 06-20 23:24:15 | pretrain | step=256, loss=0.0009
I | 06-20 23:24:26 | pretrain | step=257, loss=0.0009
I | 06-20 23:24:38 | pretrain | step=258, loss=0.0009
I | 06-20 23:24:49 | pretrain | step=259, loss=0.0009
I | 06-20 23:25:01 | pretrain | step=260, loss=0.0009
I | 06-20 23:25:13 | pretrain | step=261, loss=0.0009
I | 06-20 23:25:25 | pretrain | step=262, loss=0.0009
I | 06-20 23:25:37 | pretrain | step=263, loss=0.0009
I | 06-20 23:25:48 | pretrain | step=264, loss=0.0009
I | 06-20 23:26:00 | pretrain | step=265, loss=0.0009
I | 06-20 23:26:11 | pretrain | step=266, loss=0.0009
I | 06-20 23:26:23 | pretrain | step=267, loss=0.0009
I | 06-20 23:26:34 | pretrain | step=268, loss=0.0009
I | 06-20 23:26:46 | pretrain | step=269, loss=0.0009
I | 06-20 23:26:58 | pretrain | step=270, loss=0.0009
I | 06-20 23:27:09 | pretrain | step=271, loss=0.0009
I | 06-20 23:27:21 | pretrain | step=272, loss=0.0009
I | 06-20 23:27:32 | pretrain | step=273, loss=0.0009
I | 06-20 23:27:44 | pretrain | step=274, loss=0.0009
I | 06-20 23:27:55 | pretrain | step=275, loss=0.0009
I | 06-20 23:28:07 | pretrain | step=276, loss=0.0009
I | 06-20 23:28:18 | pretrain | step=277, loss=0.0009
I | 06-20 23:28:30 | pretrain | step=278, loss=0.0009
I | 06-20 23:28:42 | pretrain | step=279, loss=0.0009
I | 06-20 23:28:54 | pretrain | step=280, loss=0.0009
I | 06-20 23:29:06 | pretrain | step=281, loss=0.0009
I | 06-20 23:29:18 | pretrain | step=282, loss=0.0009
I | 06-20 23:29:30 | pretrain | step=283, loss=0.0009
I | 06-20 23:29:42 | pretrain | step=284, loss=0.0009
I | 06-20 23:29:54 | pretrain | step=285, loss=0.0009
I | 06-20 23:30:05 | pretrain | step=286, loss=0.0009
I | 06-20 23:30:17 | pretrain | step=287, loss=0.0009
I | 06-20 23:30:28 | pretrain | step=288, loss=0.0009
I | 06-20 23:30:40 | pretrain | step=289, loss=0.0009
I | 06-20 23:30:52 | pretrain | step=290, loss=0.0009
I | 06-20 23:31:03 | pretrain | step=291, loss=0.0009
I | 06-20 23:31:16 | pretrain | step=292, loss=0.0009
I | 06-20 23:31:28 | pretrain | step=293, loss=0.0009
I | 06-20 23:31:40 | pretrain | step=294, loss=0.0009
I | 06-20 23:31:51 | pretrain | step=295, loss=0.0009
I | 06-20 23:32:02 | pretrain | step=296, loss=0.0009
I | 06-20 23:32:14 | pretrain | step=297, loss=0.0009
I | 06-20 23:32:26 | pretrain | step=298, loss=0.0009
I | 06-20 23:32:38 | pretrain | step=299, loss=0.0009
I | 06-20 23:32:49 | pretrain | step=300, loss=0.0009
I | 06-20 23:33:02 | pretrain | step=301, loss=0.0009
I | 06-20 23:33:13 | pretrain | step=302, loss=0.0009
I | 06-20 23:33:25 | pretrain | step=303, loss=0.0009
I | 06-20 23:33:36 | pretrain | step=304, loss=0.0009
I | 06-20 23:33:48 | pretrain | step=305, loss=0.0009
I | 06-20 23:33:59 | pretrain | step=306, loss=0.0009
I | 06-20 23:34:10 | pretrain | step=307, loss=0.0009
I | 06-20 23:34:21 | pretrain | step=308, loss=0.0009
I | 06-20 23:34:34 | pretrain | step=309, loss=0.0009
I | 06-20 23:34:46 | pretrain | step=310, loss=0.0009
I | 06-20 23:34:58 | pretrain | step=311, loss=0.0009
I | 06-20 23:35:10 | pretrain | step=312, loss=0.0009
I | 06-20 23:35:22 | pretrain | step=313, loss=0.0009
I | 06-20 23:35:34 | pretrain | step=314, loss=0.0009
I | 06-20 23:35:46 | pretrain | step=315, loss=0.0009
I | 06-20 23:35:57 | pretrain | step=316, loss=0.0009
I | 06-20 23:36:09 | pretrain | step=317, loss=0.0009
I | 06-20 23:36:22 | pretrain | step=318, loss=0.0009
I | 06-20 23:36:32 | pretrain | step=319, loss=0.0009
I | 06-20 23:36:45 | pretrain | step=320, loss=0.0009
I | 06-20 23:36:56 | pretrain | step=321, loss=0.0009
I | 06-20 23:37:08 | pretrain | step=322, loss=0.0009
I | 06-20 23:37:19 | pretrain | step=323, loss=0.0009
I | 06-20 23:37:32 | pretrain | step=324, loss=0.0008
I | 06-20 23:37:43 | pretrain | step=325, loss=0.0009
I | 06-20 23:37:54 | pretrain | step=326, loss=0.0008
I | 06-20 23:38:05 | pretrain | step=327, loss=0.0008
I | 06-20 23:38:17 | pretrain | step=328, loss=0.0008
I | 06-20 23:38:30 | pretrain | step=329, loss=0.0009
I | 06-20 23:38:42 | pretrain | step=330, loss=0.0009
I | 06-20 23:38:53 | pretrain | step=331, loss=0.0009
I | 06-20 23:39:06 | pretrain | step=332, loss=0.0008
I | 06-20 23:39:18 | pretrain | step=333, loss=0.0009
I | 06-20 23:39:30 | pretrain | step=334, loss=0.0009
I | 06-20 23:39:42 | pretrain | step=335, loss=0.0008
I | 06-20 23:39:54 | pretrain | step=336, loss=0.0008
I | 06-20 23:40:06 | pretrain | step=337, loss=0.0009
I | 06-20 23:40:17 | pretrain | step=338, loss=0.0009
I | 06-20 23:40:28 | pretrain | step=339, loss=0.0009
I | 06-20 23:40:41 | pretrain | step=340, loss=0.0008
I | 06-20 23:40:53 | pretrain | step=341, loss=0.0008
I | 06-20 23:41:05 | pretrain | step=342, loss=0.0008
I | 06-20 23:41:16 | pretrain | step=343, loss=0.0008
I | 06-20 23:41:29 | pretrain | step=344, loss=0.0008
I | 06-20 23:41:40 | pretrain | step=345, loss=0.0009
I | 06-20 23:41:53 | pretrain | step=346, loss=0.0008
I | 06-20 23:42:04 | pretrain | step=347, loss=0.0008
I | 06-20 23:42:17 | pretrain | step=348, loss=0.0008
I | 06-20 23:42:28 | pretrain | step=349, loss=0.0008
I | 06-20 23:42:40 | pretrain | step=350, loss=0.0008
I | 06-20 23:42:52 | pretrain | step=351, loss=0.0008
I | 06-20 23:43:04 | pretrain | step=352, loss=0.0008
I | 06-20 23:43:15 | pretrain | step=353, loss=0.0008
I | 06-20 23:43:27 | pretrain | step=354, loss=0.0008
I | 06-20 23:43:38 | pretrain | step=355, loss=0.0008
I | 06-20 23:43:51 | pretrain | step=356, loss=0.0008
I | 06-20 23:44:04 | pretrain | step=357, loss=0.0008
I | 06-20 23:44:15 | pretrain | step=358, loss=0.0008
I | 06-20 23:44:27 | pretrain | step=359, loss=0.0008
I | 06-20 23:44:40 | pretrain | step=360, loss=0.0008
I | 06-20 23:44:52 | pretrain | step=361, loss=0.0008
I | 06-20 23:45:04 | pretrain | step=362, loss=0.0008
I | 06-20 23:45:16 | pretrain | step=363, loss=0.0008
I | 06-20 23:45:28 | pretrain | step=364, loss=0.0008
I | 06-20 23:45:40 | pretrain | step=365, loss=0.0008
I | 06-20 23:45:52 | pretrain | step=366, loss=0.0008
I | 06-20 23:46:04 | pretrain | step=367, loss=0.0008
I | 06-20 23:46:15 | pretrain | step=368, loss=0.0008
I | 06-20 23:46:27 | pretrain | step=369, loss=0.0008
I | 06-20 23:46:38 | pretrain | step=370, loss=0.0009
I | 06-20 23:46:50 | pretrain | step=371, loss=0.0008
I | 06-20 23:47:03 | pretrain | step=372, loss=0.0008
I | 06-20 23:47:15 | pretrain | step=373, loss=0.0008
I | 06-20 23:47:27 | pretrain | step=374, loss=0.0008
I | 06-20 23:47:39 | pretrain | step=375, loss=0.0008
I | 06-20 23:47:51 | pretrain | step=376, loss=0.0008
I | 06-20 23:48:02 | pretrain | step=377, loss=0.0008
I | 06-20 23:48:14 | pretrain | step=378, loss=0.0008
I | 06-20 23:48:26 | pretrain | step=379, loss=0.0008
I | 06-20 23:48:37 | pretrain | step=380, loss=0.0008
I | 06-20 23:48:50 | pretrain | step=381, loss=0.0008
I | 06-20 23:49:01 | pretrain | step=382, loss=0.0008
I | 06-20 23:49:13 | pretrain | step=383, loss=0.0008
I | 06-20 23:49:25 | pretrain | step=384, loss=0.0008
I | 06-20 23:49:36 | pretrain | step=385, loss=0.0008
I | 06-20 23:49:50 | pretrain | step=386, loss=0.0008
I | 06-20 23:50:01 | pretrain | step=387, loss=0.0008
I | 06-20 23:50:12 | pretrain | step=388, loss=0.0008
I | 06-20 23:50:23 | pretrain | step=389, loss=0.0008
I | 06-20 23:50:34 | pretrain | step=390, loss=0.0008
I | 06-20 23:50:45 | pretrain | step=391, loss=0.0008
I | 06-20 23:50:56 | pretrain | step=392, loss=0.0009
I | 06-20 23:51:08 | pretrain | step=393, loss=0.0008
I | 06-20 23:51:20 | pretrain | step=394, loss=0.0008
I | 06-20 23:51:31 | pretrain | step=395, loss=0.0008
I | 06-20 23:51:43 | pretrain | step=396, loss=0.0008
I | 06-20 23:51:56 | pretrain | step=397, loss=0.0008
I | 06-20 23:52:08 | pretrain | step=398, loss=0.0008
I | 06-20 23:52:20 | pretrain | step=399, loss=0.0008
I | 06-20 23:52:33 | pretrain | step=400, loss=0.0008
I | 06-20 23:52:45 | pretrain | step=401, loss=0.0008
I | 06-20 23:52:57 | pretrain | step=402, loss=0.0008
I | 06-20 23:53:09 | pretrain | step=403, loss=0.0008
I | 06-20 23:53:20 | pretrain | step=404, loss=0.0008
I | 06-20 23:53:32 | pretrain | step=405, loss=0.0008
I | 06-20 23:53:44 | pretrain | step=406, loss=0.0008
I | 06-20 23:53:57 | pretrain | step=407, loss=0.0008
I | 06-20 23:54:08 | pretrain | step=408, loss=0.0008
I | 06-20 23:54:20 | pretrain | step=409, loss=0.0009
I | 06-20 23:54:32 | pretrain | step=410, loss=0.0008
I | 06-20 23:54:44 | pretrain | step=411, loss=0.0008
I | 06-20 23:54:56 | pretrain | step=412, loss=0.0008
I | 06-20 23:55:08 | pretrain | step=413, loss=0.0008
I | 06-20 23:55:19 | pretrain | step=414, loss=0.0008
I | 06-20 23:55:31 | pretrain | step=415, loss=0.0009
I | 06-20 23:55:42 | pretrain | step=416, loss=0.0008
I | 06-20 23:55:53 | pretrain | step=417, loss=0.0008
I | 06-20 23:56:06 | pretrain | step=418, loss=0.0008
I | 06-20 23:56:17 | pretrain | step=419, loss=0.0008
I | 06-20 23:56:29 | pretrain | step=420, loss=0.0008
I | 06-20 23:56:41 | pretrain | step=421, loss=0.0008
I | 06-20 23:56:52 | pretrain | step=422, loss=0.0008
I | 06-20 23:57:04 | pretrain | step=423, loss=0.0008
I | 06-20 23:57:16 | pretrain | step=424, loss=0.0008
I | 06-20 23:57:28 | pretrain | step=425, loss=0.0008
I | 06-20 23:57:40 | pretrain | step=426, loss=0.0008
I | 06-20 23:57:52 | pretrain | step=427, loss=0.0008
I | 06-20 23:58:04 | pretrain | step=428, loss=0.0008
I | 06-20 23:58:16 | pretrain | step=429, loss=0.0008
I | 06-20 23:58:27 | pretrain | step=430, loss=0.0008
I | 06-20 23:58:40 | pretrain | step=431, loss=0.0008
I | 06-20 23:58:51 | pretrain | step=432, loss=0.0008
I | 06-20 23:59:03 | pretrain | step=433, loss=0.0008
I | 06-20 23:59:15 | pretrain | step=434, loss=0.0008
I | 06-20 23:59:27 | pretrain | step=435, loss=0.0008
I | 06-20 23:59:38 | pretrain | step=436, loss=0.0008
I | 06-20 23:59:51 | pretrain | step=437, loss=0.0008
I | 06-21 00:00:03 | pretrain | step=438, loss=0.0008
I | 06-21 00:00:15 | pretrain | step=439, loss=0.0008
I | 06-21 00:00:26 | pretrain | step=440, loss=0.0008
I | 06-21 00:00:38 | pretrain | step=441, loss=0.0008
I | 06-21 00:00:50 | pretrain | step=442, loss=0.0008
I | 06-21 00:01:01 | pretrain | step=443, loss=0.0008
I | 06-21 00:01:13 | pretrain | step=444, loss=0.0008
I | 06-21 00:01:25 | pretrain | step=445, loss=0.0008
I | 06-21 00:01:36 | pretrain | step=446, loss=0.0008
I | 06-21 00:01:48 | pretrain | step=447, loss=0.0008
I | 06-21 00:01:59 | pretrain | step=448, loss=0.0008
I | 06-21 00:02:12 | pretrain | step=449, loss=0.0008
I | 06-21 00:02:23 | pretrain | step=450, loss=0.0008
I | 06-21 00:02:35 | pretrain | step=451, loss=0.0008
I | 06-21 00:02:46 | pretrain | step=452, loss=0.0008
I | 06-21 00:02:58 | pretrain | step=453, loss=0.0008
I | 06-21 00:03:10 | pretrain | step=454, loss=0.0008
I | 06-21 00:03:20 | pretrain | step=455, loss=0.0008
I | 06-21 00:03:33 | pretrain | step=456, loss=0.0008
I | 06-21 00:03:45 | pretrain | step=457, loss=0.0008
I | 06-21 00:03:56 | pretrain | step=458, loss=0.0008
I | 06-21 00:04:08 | pretrain | step=459, loss=0.0008
I | 06-21 00:04:20 | pretrain | step=460, loss=0.0008
I | 06-21 00:04:31 | pretrain | step=461, loss=0.0008
I | 06-21 00:04:44 | pretrain | step=462, loss=0.0008
I | 06-21 00:04:56 | pretrain | step=463, loss=0.0008
I | 06-21 00:05:08 | pretrain | step=464, loss=0.0008
I | 06-21 00:05:19 | pretrain | step=465, loss=0.0008
I | 06-21 00:05:30 | pretrain | step=466, loss=0.0008
I | 06-21 00:05:41 | pretrain | step=467, loss=0.0008
I | 06-21 00:05:53 | pretrain | step=468, loss=0.0008
I | 06-21 00:06:05 | pretrain | step=469, loss=0.0008
I | 06-21 00:06:17 | pretrain | step=470, loss=0.0008
I | 06-21 00:06:29 | pretrain | step=471, loss=0.0008
I | 06-21 00:06:41 | pretrain | step=472, loss=0.0008
I | 06-21 00:06:53 | pretrain | step=473, loss=0.0008
I | 06-21 00:07:06 | pretrain | step=474, loss=0.0008
I | 06-21 00:07:17 | pretrain | step=475, loss=0.0008
I | 06-21 00:07:29 | pretrain | step=476, loss=0.0008
I | 06-21 00:07:40 | pretrain | step=477, loss=0.0008
I | 06-21 00:07:52 | pretrain | step=478, loss=0.0008
I | 06-21 00:08:03 | pretrain | step=479, loss=0.0008
I | 06-21 00:08:15 | pretrain | step=480, loss=0.0008
I | 06-21 00:08:26 | pretrain | step=481, loss=0.0008
I | 06-21 00:08:37 | pretrain | step=482, loss=0.0008
I | 06-21 00:08:48 | pretrain | step=483, loss=0.0008
I | 06-21 00:08:59 | pretrain | step=484, loss=0.0008
I | 06-21 00:09:11 | pretrain | step=485, loss=0.0008
I | 06-21 00:09:23 | pretrain | step=486, loss=0.0008
I | 06-21 00:09:35 | pretrain | step=487, loss=0.0008
I | 06-21 00:09:47 | pretrain | step=488, loss=0.0008
I | 06-21 00:09:59 | pretrain | step=489, loss=0.0008
I | 06-21 00:10:10 | pretrain | step=490, loss=0.0008
I | 06-21 00:10:22 | pretrain | step=491, loss=0.0008
I | 06-21 00:10:33 | pretrain | step=492, loss=0.0008
I | 06-21 00:10:45 | pretrain | step=493, loss=0.0008
I | 06-21 00:10:56 | pretrain | step=494, loss=0.0008
I | 06-21 00:11:08 | pretrain | step=495, loss=0.0008
I | 06-21 00:11:20 | pretrain | step=496, loss=0.0008
I | 06-21 00:11:32 | pretrain | step=497, loss=0.0008
I | 06-21 00:11:45 | pretrain | step=498, loss=0.0008
I | 06-21 00:11:56 | pretrain | step=499, loss=0.0008
I | 06-21 00:12:08 | pretrain | step=500, loss=0.0008
I | 06-21 00:12:19 | pretrain | step=501, loss=0.0008
I | 06-21 00:12:31 | pretrain | step=502, loss=0.0008
I | 06-21 00:12:42 | pretrain | step=503, loss=0.0008
I | 06-21 00:12:54 | pretrain | step=504, loss=0.0008
I | 06-21 00:13:06 | pretrain | step=505, loss=0.0008
I | 06-21 00:13:17 | pretrain | step=506, loss=0.0008
I | 06-21 00:13:29 | pretrain | step=507, loss=0.0008
I | 06-21 00:13:41 | pretrain | step=508, loss=0.0008
I | 06-21 00:13:53 | pretrain | step=509, loss=0.0008
I | 06-21 00:14:05 | pretrain | step=510, loss=0.0008
I | 06-21 00:14:16 | pretrain | step=511, loss=0.0008
I | 06-21 00:14:27 | pretrain | step=512, loss=0.0008
I | 06-21 00:14:39 | pretrain | step=513, loss=0.0008
I | 06-21 00:14:51 | pretrain | step=514, loss=0.0008
I | 06-21 00:15:02 | pretrain | step=515, loss=0.0008
I | 06-21 00:15:15 | pretrain | step=516, loss=0.0008
I | 06-21 00:15:26 | pretrain | step=517, loss=0.0008
I | 06-21 00:15:38 | pretrain | step=518, loss=0.0008
I | 06-21 00:15:50 | pretrain | step=519, loss=0.0008
I | 06-21 00:16:01 | pretrain | step=520, loss=0.0008
I | 06-21 00:16:13 | pretrain | step=521, loss=0.0008
I | 06-21 00:16:25 | pretrain | step=522, loss=0.0008
I | 06-21 00:16:37 | pretrain | step=523, loss=0.0008
I | 06-21 00:16:48 | pretrain | step=524, loss=0.0008
I | 06-21 00:17:00 | pretrain | step=525, loss=0.0008
I | 06-21 00:17:11 | pretrain | step=526, loss=0.0008
I | 06-21 00:17:24 | pretrain | step=527, loss=0.0008
I | 06-21 00:17:35 | pretrain | step=528, loss=0.0008
I | 06-21 00:17:47 | pretrain | step=529, loss=0.0008
I | 06-21 00:17:58 | pretrain | step=530, loss=0.0008
I | 06-21 00:18:10 | pretrain | step=531, loss=0.0008
I | 06-21 00:18:21 | pretrain | step=532, loss=0.0008
I | 06-21 00:18:34 | pretrain | step=533, loss=0.0008
I | 06-21 00:18:45 | pretrain | step=534, loss=0.0008
slurmstepd: error: *** JOB 30844739 ON gpu-q-77 CANCELLED AT 2026-06-21T00:18:51 DUE TO TIME LIMIT ***
