Loading rhel8/default-amp
  Loading requirement: rhel8/slurm singularity/current rhel8/global cuda/11.4
    libpciaccess/0.16/gcc-9.4.0-6fonbj6 libiconv/1.16/gcc-9.4.0-ahebbov
    libxml2/2.9.12/gcc-9.4.0-gnknt5e ncurses/6.2/gcc-9.4.0-aiirok7
    hwloc/2.5.0/gcc-9.4.0-7sqomga libevent/2.1.12/gcc-9.4.0-hgny7cm
    numactl/2.0.14/gcc-9.4.0-52dwc6n cuda/11.4.0/gcc-9.4.0-3hnxhjt
    gdrcopy/2.2/gcc-9.4.0-e4igtfp knem/1.1.4/gcc-9.4.0-bpbxgva
    libnl/3.3.0/gcc-9.4.0-whwhrwb rdma-core/34.0/gcc-9.4.0-5eo5n2u
    ucx/1.11.1/gcc-9.4.0-lktqyl4 openmpi/4.1.1/gcc-9.4.0-epagguv
Changed directory to /home/jc2405.

JobID: 28913226
======
Time: Wed May  6 15:34:07 BST 2026
Running on master node: gpu-q-33
Current directory: /home/jc2405

Nodes allocated:
================
gpu-q-33

numtasks=1, numnodes=1, mpi_tasks_per_node=1 (OMP_NUM_THREADS=1)

Executing command:
==================
jaqmc solid train --yml /rds/user/jc2405/hpc-work/JaQMC/jaqmc/configs/hydrogen_chain.yml workflow.save_path=jaqmc/runs/h_chain_1.8

I | 05-06 15:35:05 | runtime  | Initialize a local runtime.
E | 05-06 15:37:15 |   jax    | Jax plugin configuration error: Exception when calling jax_plugins.xla_cuda12.initialize()
Traceback (most recent call last):
  File "/rds/user/jc2405/hpc-work/JaQMC/jaqmc/.venv/lib/python3.12/site-packages/jax_plugins/xla_cuda12/__init__.py", line 201, in _version_check
    version = get_version()
              ^^^^^^^^^^^^^
RuntimeError: jaxlib/cuda/versions_helpers.cc:85: operation cusparseGetProperty(MAJOR_VERSION, &major) failed: The cuSPARSE library was not found.

The above exception was the direct cause of the following exception:

Traceback (most recent call last):
  File "/rds/user/jc2405/hpc-work/JaQMC/jaqmc/.venv/lib/python3.12/site-packages/jax/_src/xla_bridge.py", line 497, in discover_pjrt_plugins
    plugin_module.initialize()
  File "/rds/user/jc2405/hpc-work/JaQMC/jaqmc/.venv/lib/python3.12/site-packages/jax_plugins/xla_cuda12/__init__.py", line 348, in initialize
    _check_cuda_versions(raise_on_first_error=True)
  File "/rds/user/jc2405/hpc-work/JaQMC/jaqmc/.venv/lib/python3.12/site-packages/jax_plugins/xla_cuda12/__init__.py", line 266, in _check_cuda_versions
    _version_check("cuSPARSE", cuda_versions.cusparse_get_version,
  File "/rds/user/jc2405/hpc-work/JaQMC/jaqmc/.venv/lib/python3.12/site-packages/jax_plugins/xla_cuda12/__init__.py", line 205, in _version_check
    raise RuntimeError(err_msg) from e
RuntimeError: Unable to load cuSPARSE. Is it installed?
I | 05-06 15:37:15 |   jax    | Unable to initialize backend 'tpu': INTERNAL: Failed to open libtpu.so: libtpu.so: cannot open shared object file: No such file or directory
W | 05-06 15:37:15 |   jax    | An NVIDIA GPU may be present on this machine, but a CUDA-enabled jaxlib is not installed. Falling back to cpu.
I | 05-06 15:37:25 |  config  | Resolved configurations:
# Defined in /rds/user/jc2405/hpc-work/JaQMC/jaqmc/src/jaqmc/utils/runtime.py:18
logging:
  level: info
  stream: stderr
# Defined in /rds/user/jc2405/hpc-work/JaQMC/jaqmc/src/jaqmc/utils/runtime.py:63
jax:
  enable_x64: false
  debug_infs: false
  debug_nans: false
  disable_jit: false
  default_matmul_precision: float32
# Defined in /rds/user/jc2405/hpc-work/JaQMC/jaqmc/src/jaqmc/utils/runtime.py:103
distributed:
  coordinator_address: null
  num_processes: 1
  process_id: 0
  initialization_timeout: 300
  wait_second_before_connect: 10.0
# Defined in /rds/user/jc2405/hpc-work/JaQMC/jaqmc/src/jaqmc/workflow/base.py:42
workflow:
  seed: null
  batch_size: 4096
  save_path: jaqmc/runs/h_chain_1.8
  restore_path: jaqmc/runs/h_chain_1.8
  config:
    ignore_extra: false
    verbose: false
# Defined in /rds/user/jc2405/hpc-work/JaQMC/jaqmc/src/jaqmc/app/solid/config/two_atom_chain.py:22
system:
  module: two_atom_chain
  symbol: H
  bond_length: 1.8
  unit: bohr
  supercell: 1
  vacuum_separation: 100.0
  spin: 0
  basis: sto-3g
  ecp: null
  electron_init_width: 1.0
# Defined in /rds/user/jc2405/hpc-work/JaQMC/jaqmc/src/jaqmc/app/solid/wavefunction.py:23
wf:
  module: jaqmc.app.solid.wavefunction
  hidden_dims_single: [256, 256, 256, 256]
  hidden_dims_double: [32, 32, 32, 32]
  ndets: 16
  distance_type: nu
  envelope_type: abs_isotropic
  sym_type: minimal
  orbitals_spin_split: true
  full_det: true
# Defined in /rds/user/jc2405/hpc-work/JaQMC/jaqmc/src/jaqmc/sampler/mcmc.py:57
sampler:
  steps: 10
  initial_width: 0.1
  adapt_frequency: 100
  pmove_range: [0.5, 0.55]
pretrain:
  # Defined in /rds/user/jc2405/hpc-work/JaQMC/jaqmc/src/jaqmc/workflow/stage/vmc.py:30
  run:
    check_vma: true
    iterations: 2000
    burn_in: 100
    save_time_interval: 600
    save_step_interval: 1000
    stop_on_nan: loss
  # Defined in /rds/user/jc2405/hpc-work/JaQMC/jaqmc/src/jaqmc/workflow/stage/vmc.py:77
  optim:
    module: jaqmc.optimizer.optax:adam
    learning_rate:
      module: jaqmc.optimizer.schedule:Standard
      rate: 0.0003
      delay: 2000.0
      decay: 1.0
    b1: 0.9
    b2: 0.999
    eps: 1.0e-08
    eps_root: 0.0
  writers:
    # Defined in /rds/user/jc2405/hpc-work/JaQMC/jaqmc/src/jaqmc/writer/console.py:75
    console:
      module: jaqmc.writer.console:ConsoleWriter
      interval: 1
      fields: loss
    # Defined in /rds/user/jc2405/hpc-work/JaQMC/jaqmc/src/jaqmc/writer/hdf5.py:28
    hdf5:
      module: jaqmc.writer.hdf5:HDF5Writer
      path_template: '{stage}_stats.h5'
    # Defined in /rds/user/jc2405/hpc-work/JaQMC/jaqmc/src/jaqmc/writer/csv.py:21
    csv:
      module: jaqmc.writer.csv:CSVWriter
      path_template: '{stage}_stats.csv'
train:
  # Defined in /rds/user/jc2405/hpc-work/JaQMC/jaqmc/src/jaqmc/workflow/stage/vmc.py:30
  run:
    check_vma: true
    iterations: 200000
    burn_in: 100
    save_time_interval: 600
    save_step_interval: 1000
    stop_on_nan: loss
  # Defined in /rds/user/jc2405/hpc-work/JaQMC/jaqmc/src/jaqmc/workflow/stage/vmc.py:77
  optim:
    module: jaqmc.optimizer.kfac:KFACOptimizer
    learning_rate:
      module: jaqmc.optimizer.schedule:Standard
      rate: 0.05
      delay: 2000.0
      decay: 1.0
    norm_constraint: 0.001
    curvature_ema: 0.95
    l2_reg: 0.0
    inverse_update_period: 1
    damping: 0.001
  # Defined in /rds/user/jc2405/hpc-work/JaQMC/jaqmc/src/jaqmc/estimator/loss_grad.py:24
  grads:
    vmap_chunk_size: null
    loss_key: total_energy
    clip_scale: 5.0
  writers:
    # Defined in /rds/user/jc2405/hpc-work/JaQMC/jaqmc/src/jaqmc/writer/console.py:75
    console:
      module: jaqmc.writer.console:ConsoleWriter
      interval: 1
      fields: pmove:.2f,energy=total_energy:.4f,variance=total_energy_var:.4f
    # Defined in /rds/user/jc2405/hpc-work/JaQMC/jaqmc/src/jaqmc/writer/hdf5.py:28
    hdf5:
      module: jaqmc.writer.hdf5:HDF5Writer
      path_template: '{stage}_stats.h5'
    # Defined in /rds/user/jc2405/hpc-work/JaQMC/jaqmc/src/jaqmc/writer/csv.py:21
    csv:
      module: jaqmc.writer.csv:CSVWriter
      path_template: '{stage}_stats.csv'
estimators:
  energy:
    # Defined in /rds/user/jc2405/hpc-work/JaQMC/jaqmc/src/jaqmc/estimator/kinetic/euclidean.py:28
    kinetic:
      vmap_chunk_size: null
      mode: forward_laplacian
      sparsity_threshold: 0
  enabled:
    spin: false
    density: false
I | 05-06 15:37:36 | workflow | Starting QMC with 1 local XLA devices across 1 processes.
I | 05-06 15:37:36 |  jaqmc   | Start KRHF
converged SCF energy = -1.35540809266599
I | 05-06 15:37:55 |  jaqmc   | Complete KRHF
I | 05-06 15:38:09 | pretrain | Start 2000 pretrain steps.
I | 05-06 15:38:09 |  jaqmc   | Start burn in 100 steps.
I | 05-06 15:38:31 |  jaqmc   | Burn in 100 steps complete.
I | 05-06 15:40:02 | pretrain | step=0, loss=0.1353
I | 05-06 15:40:06 | pretrain | step=1, loss=0.0653
I | 05-06 15:40:11 | pretrain | step=2, loss=0.0383
I | 05-06 15:40:15 | pretrain | step=3, loss=0.0302
I | 05-06 15:40:19 | pretrain | step=4, loss=0.0272
I | 05-06 15:40:24 | pretrain | step=5, loss=0.0244
I | 05-06 15:40:29 | pretrain | step=6, loss=0.0216
I | 05-06 15:40:33 | pretrain | step=7, loss=0.0196
I | 05-06 15:40:37 | pretrain | step=8, loss=0.0182
I | 05-06 15:40:41 | pretrain | step=9, loss=0.0169
I | 05-06 15:40:45 | pretrain | step=10, loss=0.0153
I | 05-06 15:40:49 | pretrain | step=11, loss=0.0137
I | 05-06 15:40:53 | pretrain | step=12, loss=0.0121
I | 05-06 15:40:58 | pretrain | step=13, loss=0.0106
I | 05-06 15:41:02 | pretrain | step=14, loss=0.0096
I | 05-06 15:41:07 | pretrain | step=15, loss=0.0088
I | 05-06 15:41:11 | pretrain | step=16, loss=0.0081
I | 05-06 15:41:15 | pretrain | step=17, loss=0.0076
I | 05-06 15:41:20 | pretrain | step=18, loss=0.0072
I | 05-06 15:41:25 | pretrain | step=19, loss=0.0069
I | 05-06 15:41:29 | pretrain | step=20, loss=0.0065
I | 05-06 15:41:34 | pretrain | step=21, loss=0.0062
I | 05-06 15:41:39 | pretrain | step=22, loss=0.0058
I | 05-06 15:41:42 | pretrain | step=23, loss=0.0055
I | 05-06 15:41:47 | pretrain | step=24, loss=0.0051
I | 05-06 15:41:51 | pretrain | step=25, loss=0.0048
I | 05-06 15:41:55 | pretrain | step=26, loss=0.0044
I | 05-06 15:41:59 | pretrain | step=27, loss=0.0042
I | 05-06 15:42:04 | pretrain | step=28, loss=0.0039
I | 05-06 15:42:08 | pretrain | step=29, loss=0.0038
I | 05-06 15:42:12 | pretrain | step=30, loss=0.0036
I | 05-06 15:42:17 | pretrain | step=31, loss=0.0035
I | 05-06 15:42:21 | pretrain | step=32, loss=0.0033
I | 05-06 15:42:25 | pretrain | step=33, loss=0.0031
I | 05-06 15:42:29 | pretrain | step=34, loss=0.0030
I | 05-06 15:42:33 | pretrain | step=35, loss=0.0029
I | 05-06 15:42:37 | pretrain | step=36, loss=0.0028
I | 05-06 15:42:41 | pretrain | step=37, loss=0.0027
I | 05-06 15:42:46 | pretrain | step=38, loss=0.0026
I | 05-06 15:42:49 | pretrain | step=39, loss=0.0025
I | 05-06 15:42:53 | pretrain | step=40, loss=0.0024
I | 05-06 15:42:57 | pretrain | step=41, loss=0.0024
I | 05-06 15:43:01 | pretrain | step=42, loss=0.0023
I | 05-06 15:43:05 | pretrain | step=43, loss=0.0022
I | 05-06 15:43:10 | pretrain | step=44, loss=0.0021
I | 05-06 15:43:14 | pretrain | step=45, loss=0.0021
I | 05-06 15:43:17 | pretrain | step=46, loss=0.0020
I | 05-06 15:43:22 | pretrain | step=47, loss=0.0019
I | 05-06 15:43:26 | pretrain | step=48, loss=0.0019
I | 05-06 15:43:31 | pretrain | step=49, loss=0.0019
I | 05-06 15:43:35 | pretrain | step=50, loss=0.0018
I | 05-06 15:43:39 | pretrain | step=51, loss=0.0018
I | 05-06 15:43:43 | pretrain | step=52, loss=0.0017
I | 05-06 15:43:47 | pretrain | step=53, loss=0.0017
I | 05-06 15:43:51 | pretrain | step=54, loss=0.0017
I | 05-06 15:43:55 | pretrain | step=55, loss=0.0017
I | 05-06 15:44:00 | pretrain | step=56, loss=0.0016
I | 05-06 15:44:03 | pretrain | step=57, loss=0.0016
I | 05-06 15:44:07 | pretrain | step=58, loss=0.0016
I | 05-06 15:44:11 | pretrain | step=59, loss=0.0015
I | 05-06 15:44:15 | pretrain | step=60, loss=0.0015
I | 05-06 15:44:19 | pretrain | step=61, loss=0.0015
I | 05-06 15:44:23 | pretrain | step=62, loss=0.0014
I | 05-06 15:44:27 | pretrain | step=63, loss=0.0014
I | 05-06 15:44:31 | pretrain | step=64, loss=0.0014
I | 05-06 15:44:35 | pretrain | step=65, loss=0.0014
I | 05-06 15:44:39 | pretrain | step=66, loss=0.0014
I | 05-06 15:44:44 | pretrain | step=67, loss=0.0013
I | 05-06 15:44:49 | pretrain | step=68, loss=0.0013
I | 05-06 15:44:53 | pretrain | step=69, loss=0.0013
I | 05-06 15:44:57 | pretrain | step=70, loss=0.0013
I | 05-06 15:45:01 | pretrain | step=71, loss=0.0013
I | 05-06 15:45:06 | pretrain | step=72, loss=0.0013
I | 05-06 15:45:10 | pretrain | step=73, loss=0.0012
I | 05-06 15:45:14 | pretrain | step=74, loss=0.0012
I | 05-06 15:45:18 | pretrain | step=75, loss=0.0012
I | 05-06 15:45:22 | pretrain | step=76, loss=0.0012
I | 05-06 15:45:26 | pretrain | step=77, loss=0.0012
I | 05-06 15:45:31 | pretrain | step=78, loss=0.0011
I | 05-06 15:45:35 | pretrain | step=79, loss=0.0011
I | 05-06 15:45:39 | pretrain | step=80, loss=0.0011
I | 05-06 15:45:43 | pretrain | step=81, loss=0.0011
I | 05-06 15:45:46 | pretrain | step=82, loss=0.0011
I | 05-06 15:45:50 | pretrain | step=83, loss=0.0011
I | 05-06 15:45:55 | pretrain | step=84, loss=0.0011
I | 05-06 15:45:59 | pretrain | step=85, loss=0.0011
I | 05-06 15:46:03 | pretrain | step=86, loss=0.0010
I | 05-06 15:46:07 | pretrain | step=87, loss=0.0010
I | 05-06 15:46:11 | pretrain | step=88, loss=0.0010
I | 05-06 15:46:15 | pretrain | step=89, loss=0.0010
I | 05-06 15:46:20 | pretrain | step=90, loss=0.0010
I | 05-06 15:46:25 | pretrain | step=91, loss=0.0010
I | 05-06 15:46:30 | pretrain | step=92, loss=0.0010
I | 05-06 15:46:34 | pretrain | step=93, loss=0.0010
I | 05-06 15:46:38 | pretrain | step=94, loss=0.0010
I | 05-06 15:46:43 | pretrain | step=95, loss=0.0010
I | 05-06 15:46:47 | pretrain | step=96, loss=0.0010
I | 05-06 15:46:51 | pretrain | step=97, loss=0.0009
I | 05-06 15:46:55 | pretrain | step=98, loss=0.0009
I | 05-06 15:46:59 | pretrain | step=99, loss=0.0009
I | 05-06 15:47:03 | pretrain | step=100, loss=0.0009
I | 05-06 15:47:07 | pretrain | step=101, loss=0.0009
I | 05-06 15:47:11 | pretrain | step=102, loss=0.0009
I | 05-06 15:47:15 | pretrain | step=103, loss=0.0009
I | 05-06 15:47:19 | pretrain | step=104, loss=0.0009
I | 05-06 15:47:23 | pretrain | step=105, loss=0.0009
I | 05-06 15:47:27 | pretrain | step=106, loss=0.0009
I | 05-06 15:47:32 | pretrain | step=107, loss=0.0009
I | 05-06 15:47:36 | pretrain | step=108, loss=0.0009
I | 05-06 15:47:40 | pretrain | step=109, loss=0.0008
I | 05-06 15:47:44 | pretrain | step=110, loss=0.0008
I | 05-06 15:47:48 | pretrain | step=111, loss=0.0008
I | 05-06 15:47:52 | pretrain | step=112, loss=0.0008
I | 05-06 15:47:56 | pretrain | step=113, loss=0.0008
I | 05-06 15:48:00 | pretrain | step=114, loss=0.0008
I | 05-06 15:48:04 | pretrain | step=115, loss=0.0008
I | 05-06 15:48:08 | pretrain | step=116, loss=0.0008
I | 05-06 15:48:12 | pretrain | step=117, loss=0.0008
I | 05-06 15:48:17 | pretrain | step=118, loss=0.0008
I | 05-06 15:48:22 | pretrain | step=119, loss=0.0008
I | 05-06 15:48:26 | pretrain | step=120, loss=0.0008
I | 05-06 15:48:30 | pretrain | step=121, loss=0.0008
I | 05-06 15:48:36 | pretrain | step=122, loss=0.0008
I | 05-06 15:48:41 | pretrain | step=123, loss=0.0007
I | 05-06 15:48:48 | pretrain | step=124, loss=0.0007
I | 05-06 15:48:52 | pretrain | step=125, loss=0.0007
I | 05-06 15:48:56 | pretrain | step=126, loss=0.0007
I | 05-06 15:48:59 | pretrain | step=127, loss=0.0007
I | 05-06 15:49:04 | pretrain | step=128, loss=0.0007
I | 05-06 15:49:08 | pretrain | step=129, loss=0.0007
I | 05-06 15:49:12 | pretrain | step=130, loss=0.0007
I | 05-06 15:49:16 | pretrain | step=131, loss=0.0007
I | 05-06 15:49:20 | pretrain | step=132, loss=0.0007
I | 05-06 15:49:25 | pretrain | step=133, loss=0.0007
I | 05-06 15:49:29 | pretrain | step=134, loss=0.0007
I | 05-06 15:49:33 | pretrain | step=135, loss=0.0007
I | 05-06 15:49:37 | pretrain | step=136, loss=0.0007
I | 05-06 15:49:52 | pretrain | step=137, loss=0.0007
I | 05-06 15:49:58 | pretrain | step=138, loss=0.0007
I | 05-06 15:50:04 | pretrain | step=139, loss=0.0007
I | 05-06 15:50:08 | pretrain | step=140, loss=0.0007
I | 05-06 15:50:12 | pretrain | step=141, loss=0.0007
I | 05-06 15:50:16 | pretrain | step=142, loss=0.0007
I | 05-06 15:50:21 | pretrain | step=143, loss=0.0007
I | 05-06 15:50:25 | pretrain | step=144, loss=0.0007
I | 05-06 15:50:30 | pretrain | step=145, loss=0.0007
I | 05-06 15:50:38 | pretrain | step=146, loss=0.0007
I | 05-06 15:50:43 | pretrain | step=147, loss=0.0006
I | 05-06 15:50:47 | pretrain | step=148, loss=0.0006
I | 05-06 15:50:53 | pretrain | step=149, loss=0.0006
I | 05-06 15:51:23 | pretrain | step=150, loss=0.0006
I | 05-06 15:51:36 | pretrain | step=151, loss=0.0006
I | 05-06 15:52:08 | pretrain | step=152, loss=0.0006
I | 05-06 15:52:15 | pretrain | step=153, loss=0.0006
I | 05-06 15:52:32 | pretrain | step=154, loss=0.0006
I | 05-06 15:52:49 | pretrain | step=155, loss=0.0006
I | 05-06 15:53:00 | pretrain | step=156, loss=0.0006
I | 05-06 15:53:05 | pretrain | step=157, loss=0.0006
I | 05-06 15:53:15 | pretrain | step=158, loss=0.0006
I | 05-06 15:53:27 | pretrain | step=159, loss=0.0006
I | 05-06 15:53:31 | pretrain | step=160, loss=0.0006
I | 05-06 15:53:35 | pretrain | step=161, loss=0.0006
I | 05-06 15:53:40 | pretrain | step=162, loss=0.0006
I | 05-06 15:53:44 | pretrain | step=163, loss=0.0006
I | 05-06 15:53:48 | pretrain | step=164, loss=0.0006
I | 05-06 15:53:55 | pretrain | step=165, loss=0.0006
I | 05-06 15:53:59 | pretrain | step=166, loss=0.0006
I | 05-06 15:54:03 | pretrain | step=167, loss=0.0006
I | 05-06 15:54:08 | pretrain | step=168, loss=0.0006
I | 05-06 15:54:12 | pretrain | step=169, loss=0.0006
I | 05-06 15:54:16 | pretrain | step=170, loss=0.0006
I | 05-06 15:54:20 | pretrain | step=171, loss=0.0006
I | 05-06 15:54:27 | pretrain | step=172, loss=0.0006
I | 05-06 15:54:40 | pretrain | step=173, loss=0.0006
I | 05-06 15:54:45 | pretrain | step=174, loss=0.0006
I | 05-06 15:54:56 | pretrain | step=175, loss=0.0005
I | 05-06 15:55:00 | pretrain | step=176, loss=0.0005
I | 05-06 15:55:06 | pretrain | step=177, loss=0.0005
I | 05-06 15:55:12 | pretrain | step=178, loss=0.0005
I | 05-06 15:55:19 | pretrain | step=179, loss=0.0005
I | 05-06 15:55:23 | pretrain | step=180, loss=0.0005
I | 05-06 15:55:28 | pretrain | step=181, loss=0.0005
I | 05-06 15:55:35 | pretrain | step=182, loss=0.0005
I | 05-06 15:55:39 | pretrain | step=183, loss=0.0005
I | 05-06 15:55:44 | pretrain | step=184, loss=0.0005
I | 05-06 15:55:48 | pretrain | step=185, loss=0.0005
I | 05-06 15:55:52 | pretrain | step=186, loss=0.0005
I | 05-06 15:55:56 | pretrain | step=187, loss=0.0005
I | 05-06 15:56:01 | pretrain | step=188, loss=0.0005
I | 05-06 15:56:05 | pretrain | step=189, loss=0.0005
I | 05-06 15:56:09 | pretrain | step=190, loss=0.0005
I | 05-06 15:56:13 | pretrain | step=191, loss=0.0005
I | 05-06 15:56:18 | pretrain | step=192, loss=0.0005
I | 05-06 15:56:22 | pretrain | step=193, loss=0.0005
I | 05-06 15:56:26 | pretrain | step=194, loss=0.0005
I | 05-06 15:56:30 | pretrain | step=195, loss=0.0005
I | 05-06 15:56:35 | pretrain | step=196, loss=0.0005
I | 05-06 15:56:39 | pretrain | step=197, loss=0.0005
I | 05-06 15:56:42 | pretrain | step=198, loss=0.0005
I | 05-06 15:56:47 | pretrain | step=199, loss=0.0005
I | 05-06 15:56:52 | pretrain | step=200, loss=0.0005
I | 05-06 15:56:56 | pretrain | step=201, loss=0.0005
I | 05-06 15:57:00 | pretrain | step=202, loss=0.0005
I | 05-06 15:57:05 | pretrain | step=203, loss=0.0005
I | 05-06 15:57:09 | pretrain | step=204, loss=0.0005
I | 05-06 15:57:13 | pretrain | step=205, loss=0.0005
I | 05-06 15:57:17 | pretrain | step=206, loss=0.0005
I | 05-06 15:57:22 | pretrain | step=207, loss=0.0005
I | 05-06 15:57:26 | pretrain | step=208, loss=0.0005
I | 05-06 15:57:29 | pretrain | step=209, loss=0.0005
I | 05-06 15:57:34 | pretrain | step=210, loss=0.0005
I | 05-06 15:57:38 | pretrain | step=211, loss=0.0005
I | 05-06 15:57:42 | pretrain | step=212, loss=0.0005
I | 05-06 15:57:46 | pretrain | step=213, loss=0.0005
I | 05-06 15:57:51 | pretrain | step=214, loss=0.0005
I | 05-06 15:57:56 | pretrain | step=215, loss=0.0005
I | 05-06 15:58:00 | pretrain | step=216, loss=0.0005
I | 05-06 15:58:04 | pretrain | step=217, loss=0.0005
I | 05-06 15:58:08 | pretrain | step=218, loss=0.0005
I | 05-06 15:58:12 | pretrain | step=219, loss=0.0004
I | 05-06 15:58:17 | pretrain | step=220, loss=0.0004
I | 05-06 15:58:21 | pretrain | step=221, loss=0.0004
I | 05-06 15:58:25 | pretrain | step=222, loss=0.0004
I | 05-06 15:58:29 | pretrain | step=223, loss=0.0004
I | 05-06 15:58:34 | pretrain | step=224, loss=0.0004
I | 05-06 15:58:37 | pretrain | step=225, loss=0.0004
I | 05-06 15:58:41 | pretrain | step=226, loss=0.0004
I | 05-06 15:58:45 | pretrain | step=227, loss=0.0004
I | 05-06 15:58:49 | pretrain | step=228, loss=0.0004
I | 05-06 15:58:53 | pretrain | step=229, loss=0.0004
I | 05-06 15:58:57 | pretrain | step=230, loss=0.0004
I | 05-06 15:59:01 | pretrain | step=231, loss=0.0004
I | 05-06 15:59:05 | pretrain | step=232, loss=0.0004
I | 05-06 15:59:09 | pretrain | step=233, loss=0.0004
I | 05-06 15:59:13 | pretrain | step=234, loss=0.0004
I | 05-06 15:59:17 | pretrain | step=235, loss=0.0004
I | 05-06 15:59:21 | pretrain | step=236, loss=0.0004
I | 05-06 15:59:25 | pretrain | step=237, loss=0.0004
I | 05-06 15:59:29 | pretrain | step=238, loss=0.0004
I | 05-06 15:59:33 | pretrain | step=239, loss=0.0004
I | 05-06 15:59:37 | pretrain | step=240, loss=0.0004
I | 05-06 15:59:41 | pretrain | step=241, loss=0.0004
I | 05-06 15:59:45 | pretrain | step=242, loss=0.0004
I | 05-06 15:59:50 | pretrain | step=243, loss=0.0004
I | 05-06 15:59:54 | pretrain | step=244, loss=0.0004
I | 05-06 15:59:59 | pretrain | step=245, loss=0.0004
I | 05-06 16:00:03 | pretrain | step=246, loss=0.0004
I | 05-06 16:00:07 | pretrain | step=247, loss=0.0004
I | 05-06 16:00:11 | pretrain | step=248, loss=0.0004
I | 05-06 16:00:16 | pretrain | step=249, loss=0.0004
I | 05-06 16:00:20 | pretrain | step=250, loss=0.0004
I | 05-06 16:00:25 | pretrain | step=251, loss=0.0004
I | 05-06 16:00:28 | pretrain | step=252, loss=0.0004
I | 05-06 16:00:33 | pretrain | step=253, loss=0.0004
I | 05-06 16:00:37 | pretrain | step=254, loss=0.0004
I | 05-06 16:00:41 | pretrain | step=255, loss=0.0004
I | 05-06 16:00:45 | pretrain | step=256, loss=0.0004
I | 05-06 16:00:49 | pretrain | step=257, loss=0.0004
I | 05-06 16:00:52 | pretrain | step=258, loss=0.0004
I | 05-06 16:00:57 | pretrain | step=259, loss=0.0004
I | 05-06 16:01:01 | pretrain | step=260, loss=0.0004
I | 05-06 16:01:05 | pretrain | step=261, loss=0.0004
I | 05-06 16:01:09 | pretrain | step=262, loss=0.0004
I | 05-06 16:01:13 | pretrain | step=263, loss=0.0004
I | 05-06 16:01:17 | pretrain | step=264, loss=0.0004
I | 05-06 16:01:21 | pretrain | step=265, loss=0.0004
I | 05-06 16:01:25 | pretrain | step=266, loss=0.0004
I | 05-06 16:01:29 | pretrain | step=267, loss=0.0004
I | 05-06 16:01:34 | pretrain | step=268, loss=0.0004
I | 05-06 16:01:39 | pretrain | step=269, loss=0.0004
I | 05-06 16:01:43 | pretrain | step=270, loss=0.0004
I | 05-06 16:01:47 | pretrain | step=271, loss=0.0004
I | 05-06 16:01:51 | pretrain | step=272, loss=0.0004
I | 05-06 16:01:55 | pretrain | step=273, loss=0.0004
I | 05-06 16:01:59 | pretrain | step=274, loss=0.0004
I | 05-06 16:02:22 | pretrain | step=275, loss=0.0004
I | 05-06 16:02:26 | pretrain | step=276, loss=0.0004
I | 05-06 16:02:30 | pretrain | step=277, loss=0.0003
I | 05-06 16:02:35 | pretrain | step=278, loss=0.0003
I | 05-06 16:02:39 | pretrain | step=279, loss=0.0003
I | 05-06 16:02:43 | pretrain | step=280, loss=0.0003
I | 05-06 16:02:47 | pretrain | step=281, loss=0.0003
I | 05-06 16:02:51 | pretrain | step=282, loss=0.0003
I | 05-06 16:02:55 | pretrain | step=283, loss=0.0003
I | 05-06 16:02:59 | pretrain | step=284, loss=0.0003
I | 05-06 16:03:03 | pretrain | step=285, loss=0.0003
I | 05-06 16:03:07 | pretrain | step=286, loss=0.0003
I | 05-06 16:03:11 | pretrain | step=287, loss=0.0003
I | 05-06 16:03:15 | pretrain | step=288, loss=0.0003
I | 05-06 16:03:19 | pretrain | step=289, loss=0.0003
I | 05-06 16:03:23 | pretrain | step=290, loss=0.0003
I | 05-06 16:03:26 | pretrain | step=291, loss=0.0003
I | 05-06 16:03:31 | pretrain | step=292, loss=0.0003
I | 05-06 16:03:34 | pretrain | step=293, loss=0.0003
I | 05-06 16:03:38 | pretrain | step=294, loss=0.0003
I | 05-06 16:03:42 | pretrain | step=295, loss=0.0003
I | 05-06 16:03:46 | pretrain | step=296, loss=0.0003
I | 05-06 16:03:50 | pretrain | step=297, loss=0.0003
I | 05-06 16:03:54 | pretrain | step=298, loss=0.0003
I | 05-06 16:03:58 | pretrain | step=299, loss=0.0003
I | 05-06 16:04:02 | pretrain | step=300, loss=0.0003
I | 05-06 16:04:07 | pretrain | step=301, loss=0.0003
I | 05-06 16:04:11 | pretrain | step=302, loss=0.0003
I | 05-06 16:04:15 | pretrain | step=303, loss=0.0003
I | 05-06 16:04:19 | pretrain | step=304, loss=0.0003
I | 05-06 16:04:23 | pretrain | step=305, loss=0.0003
I | 05-06 16:04:27 | pretrain | step=306, loss=0.0003
I | 05-06 16:04:31 | pretrain | step=307, loss=0.0003
I | 05-06 16:04:35 | pretrain | step=308, loss=0.0003
I | 05-06 16:04:39 | pretrain | step=309, loss=0.0003
I | 05-06 16:04:43 | pretrain | step=310, loss=0.0003
I | 05-06 16:04:47 | pretrain | step=311, loss=0.0003
I | 05-06 16:04:51 | pretrain | step=312, loss=0.0003
I | 05-06 16:04:55 | pretrain | step=313, loss=0.0003
I | 05-06 16:05:00 | pretrain | step=314, loss=0.0003
I | 05-06 16:05:04 | pretrain | step=315, loss=0.0003
I | 05-06 16:05:08 | pretrain | step=316, loss=0.0003
I | 05-06 16:05:12 | pretrain | step=317, loss=0.0003
I | 05-06 16:05:16 | pretrain | step=318, loss=0.0003
I | 05-06 16:05:20 | pretrain | step=319, loss=0.0003
I | 05-06 16:05:25 | pretrain | step=320, loss=0.0003
I | 05-06 16:05:29 | pretrain | step=321, loss=0.0003
I | 05-06 16:05:33 | pretrain | step=322, loss=0.0003
I | 05-06 16:05:37 | pretrain | step=323, loss=0.0003
I | 05-06 16:05:41 | pretrain | step=324, loss=0.0003
I | 05-06 16:05:45 | pretrain | step=325, loss=0.0003
I | 05-06 16:05:49 | pretrain | step=326, loss=0.0003
I | 05-06 16:05:53 | pretrain | step=327, loss=0.0003
I | 05-06 16:05:57 | pretrain | step=328, loss=0.0003
I | 05-06 16:06:01 | pretrain | step=329, loss=0.0003
I | 05-06 16:06:05 | pretrain | step=330, loss=0.0003
I | 05-06 16:06:09 | pretrain | step=331, loss=0.0003
I | 05-06 16:06:13 | pretrain | step=332, loss=0.0003
I | 05-06 16:06:17 | pretrain | step=333, loss=0.0003
I | 05-06 16:06:21 | pretrain | step=334, loss=0.0003
I | 05-06 16:06:26 | pretrain | step=335, loss=0.0003
I | 05-06 16:06:30 | pretrain | step=336, loss=0.0003
I | 05-06 16:06:35 | pretrain | step=337, loss=0.0003
I | 05-06 16:06:39 | pretrain | step=338, loss=0.0003
I | 05-06 16:06:43 | pretrain | step=339, loss=0.0003
I | 05-06 16:06:47 | pretrain | step=340, loss=0.0003
I | 05-06 16:06:51 | pretrain | step=341, loss=0.0003
I | 05-06 16:06:55 | pretrain | step=342, loss=0.0003
I | 05-06 16:06:59 | pretrain | step=343, loss=0.0003
I | 05-06 16:07:03 | pretrain | step=344, loss=0.0003
I | 05-06 16:07:08 | pretrain | step=345, loss=0.0003
I | 05-06 16:07:12 | pretrain | step=346, loss=0.0003
I | 05-06 16:07:16 | pretrain | step=347, loss=0.0003
I | 05-06 16:07:21 | pretrain | step=348, loss=0.0003
I | 05-06 16:07:25 | pretrain | step=349, loss=0.0003
I | 05-06 16:07:29 | pretrain | step=350, loss=0.0003
I | 05-06 16:07:32 | pretrain | step=351, loss=0.0003
I | 05-06 16:07:36 | pretrain | step=352, loss=0.0003
I | 05-06 16:07:40 | pretrain | step=353, loss=0.0003
I | 05-06 16:07:44 | pretrain | step=354, loss=0.0003
I | 05-06 16:07:48 | pretrain | step=355, loss=0.0003
I | 05-06 16:07:52 | pretrain | step=356, loss=0.0003
I | 05-06 16:07:56 | pretrain | step=357, loss=0.0003
I | 05-06 16:08:00 | pretrain | step=358, loss=0.0003
I | 05-06 16:08:04 | pretrain | step=359, loss=0.0003
I | 05-06 16:08:08 | pretrain | step=360, loss=0.0003
I | 05-06 16:08:12 | pretrain | step=361, loss=0.0003
I | 05-06 16:08:16 | pretrain | step=362, loss=0.0003
I | 05-06 16:08:20 | pretrain | step=363, loss=0.0003
I | 05-06 16:08:24 | pretrain | step=364, loss=0.0003
I | 05-06 16:08:29 | pretrain | step=365, loss=0.0003
I | 05-06 16:08:33 | pretrain | step=366, loss=0.0003
I | 05-06 16:08:37 | pretrain | step=367, loss=0.0003
I | 05-06 16:08:41 | pretrain | step=368, loss=0.0003
I | 05-06 16:08:45 | pretrain | step=369, loss=0.0003
I | 05-06 16:08:49 | pretrain | step=370, loss=0.0003
I | 05-06 16:08:53 | pretrain | step=371, loss=0.0003
I | 05-06 16:08:57 | pretrain | step=372, loss=0.0003
I | 05-06 16:09:01 | pretrain | step=373, loss=0.0003
I | 05-06 16:09:06 | pretrain | step=374, loss=0.0003
I | 05-06 16:09:10 | pretrain | step=375, loss=0.0003
I | 05-06 16:09:14 | pretrain | step=376, loss=0.0003
I | 05-06 16:09:19 | pretrain | step=377, loss=0.0003
I | 05-06 16:09:23 | pretrain | step=378, loss=0.0003
I | 05-06 16:09:27 | pretrain | step=379, loss=0.0003
I | 05-06 16:09:31 | pretrain | step=380, loss=0.0002
I | 05-06 16:09:35 | pretrain | step=381, loss=0.0002
I | 05-06 16:09:39 | pretrain | step=382, loss=0.0003
I | 05-06 16:09:44 | pretrain | step=383, loss=0.0002
I | 05-06 16:09:48 | pretrain | step=384, loss=0.0002
I | 05-06 16:09:52 | pretrain | step=385, loss=0.0002
I | 05-06 16:09:57 | pretrain | step=386, loss=0.0002
I | 05-06 16:10:01 | pretrain | step=387, loss=0.0002
I | 05-06 16:10:05 | pretrain | step=388, loss=0.0002
I | 05-06 16:10:09 | pretrain | step=389, loss=0.0002
I | 05-06 16:10:13 | pretrain | step=390, loss=0.0002
I | 05-06 16:10:17 | pretrain | step=391, loss=0.0002
I | 05-06 16:10:21 | pretrain | step=392, loss=0.0002
I | 05-06 16:10:25 | pretrain | step=393, loss=0.0002
I | 05-06 16:10:30 | pretrain | step=394, loss=0.0002
I | 05-06 16:10:34 | pretrain | step=395, loss=0.0002
I | 05-06 16:10:38 | pretrain | step=396, loss=0.0002
I | 05-06 16:10:42 | pretrain | step=397, loss=0.0002
I | 05-06 16:10:47 | pretrain | step=398, loss=0.0002
I | 05-06 16:10:51 | pretrain | step=399, loss=0.0002
I | 05-06 16:10:54 | pretrain | step=400, loss=0.0002
I | 05-06 16:10:58 | pretrain | step=401, loss=0.0002
I | 05-06 16:11:02 | pretrain | step=402, loss=0.0002
I | 05-06 16:11:06 | pretrain | step=403, loss=0.0002
I | 05-06 16:11:11 | pretrain | step=404, loss=0.0002
I | 05-06 16:11:15 | pretrain | step=405, loss=0.0002
I | 05-06 16:11:19 | pretrain | step=406, loss=0.0002
I | 05-06 16:11:23 | pretrain | step=407, loss=0.0002
I | 05-06 16:11:27 | pretrain | step=408, loss=0.0002
I | 05-06 16:11:31 | pretrain | step=409, loss=0.0002
I | 05-06 16:11:35 | pretrain | step=410, loss=0.0002
I | 05-06 16:11:39 | pretrain | step=411, loss=0.0002
I | 05-06 16:11:43 | pretrain | step=412, loss=0.0002
I | 05-06 16:11:48 | pretrain | step=413, loss=0.0002
I | 05-06 16:11:52 | pretrain | step=414, loss=0.0002
I | 05-06 16:11:57 | pretrain | step=415, loss=0.0002
I | 05-06 16:12:01 | pretrain | step=416, loss=0.0002
I | 05-06 16:12:05 | pretrain | step=417, loss=0.0002
I | 05-06 16:12:10 | pretrain | step=418, loss=0.0002
I | 05-06 16:12:14 | pretrain | step=419, loss=0.0002
I | 05-06 16:12:18 | pretrain | step=420, loss=0.0002
I | 05-06 16:12:22 | pretrain | step=421, loss=0.0002
I | 05-06 16:12:27 | pretrain | step=422, loss=0.0002
I | 05-06 16:12:32 | pretrain | step=423, loss=0.0002
I | 05-06 16:12:37 | pretrain | step=424, loss=0.0002
I | 05-06 16:12:40 | pretrain | step=425, loss=0.0002
I | 05-06 16:12:44 | pretrain | step=426, loss=0.0002
I | 05-06 16:12:48 | pretrain | step=427, loss=0.0002
I | 05-06 16:12:52 | pretrain | step=428, loss=0.0002
I | 05-06 16:12:56 | pretrain | step=429, loss=0.0002
I | 05-06 16:13:00 | pretrain | step=430, loss=0.0002
I | 05-06 16:13:04 | pretrain | step=431, loss=0.0002
I | 05-06 16:13:09 | pretrain | step=432, loss=0.0002
I | 05-06 16:13:13 | pretrain | step=433, loss=0.0002
I | 05-06 16:13:17 | pretrain | step=434, loss=0.0002
I | 05-06 16:13:22 | pretrain | step=435, loss=0.0002
I | 05-06 16:13:26 | pretrain | step=436, loss=0.0002
I | 05-06 16:13:30 | pretrain | step=437, loss=0.0002
I | 05-06 16:13:34 | pretrain | step=438, loss=0.0002
I | 05-06 16:13:38 | pretrain | step=439, loss=0.0002
I | 05-06 16:13:42 | pretrain | step=440, loss=0.0002
I | 05-06 16:13:46 | pretrain | step=441, loss=0.0002
I | 05-06 16:13:51 | pretrain | step=442, loss=0.0002
I | 05-06 16:13:56 | pretrain | step=443, loss=0.0002
I | 05-06 16:14:00 | pretrain | step=444, loss=0.0002
I | 05-06 16:14:04 | pretrain | step=445, loss=0.0002
I | 05-06 16:14:08 | pretrain | step=446, loss=0.0002
I | 05-06 16:14:13 | pretrain | step=447, loss=0.0002
I | 05-06 16:14:17 | pretrain | step=448, loss=0.0002
I | 05-06 16:14:21 | pretrain | step=449, loss=0.0002
I | 05-06 16:14:24 | pretrain | step=450, loss=0.0002
I | 05-06 16:14:29 | pretrain | step=451, loss=0.0002
I | 05-06 16:14:34 | pretrain | step=452, loss=0.0002
I | 05-06 16:14:38 | pretrain | step=453, loss=0.0002
I | 05-06 16:14:43 | pretrain | step=454, loss=0.0002
I | 05-06 16:14:48 | pretrain | step=455, loss=0.0002
I | 05-06 16:14:52 | pretrain | step=456, loss=0.0002
I | 05-06 16:14:56 | pretrain | step=457, loss=0.0002
I | 05-06 16:15:00 | pretrain | step=458, loss=0.0002
I | 05-06 16:15:04 | pretrain | step=459, loss=0.0002
I | 05-06 16:15:08 | pretrain | step=460, loss=0.0002
I | 05-06 16:15:12 | pretrain | step=461, loss=0.0002
I | 05-06 16:15:16 | pretrain | step=462, loss=0.0002
I | 05-06 16:15:21 | pretrain | step=463, loss=0.0002
I | 05-06 16:15:25 | pretrain | step=464, loss=0.0002
I | 05-06 16:15:29 | pretrain | step=465, loss=0.0002
I | 05-06 16:15:33 | pretrain | step=466, loss=0.0002
I | 05-06 16:15:37 | pretrain | step=467, loss=0.0002
I | 05-06 16:15:41 | pretrain | step=468, loss=0.0002
I | 05-06 16:15:46 | pretrain | step=469, loss=0.0002
I | 05-06 16:15:50 | pretrain | step=470, loss=0.0002
I | 05-06 16:15:55 | pretrain | step=471, loss=0.0002
I | 05-06 16:15:59 | pretrain | step=472, loss=0.0002
I | 05-06 16:16:03 | pretrain | step=473, loss=0.0002
I | 05-06 16:16:07 | pretrain | step=474, loss=0.0002
I | 05-06 16:16:11 | pretrain | step=475, loss=0.0002
I | 05-06 16:16:15 | pretrain | step=476, loss=0.0002
I | 05-06 16:16:19 | pretrain | step=477, loss=0.0002
I | 05-06 16:16:23 | pretrain | step=478, loss=0.0002
I | 05-06 16:16:27 | pretrain | step=479, loss=0.0002
I | 05-06 16:16:32 | pretrain | step=480, loss=0.0002
I | 05-06 16:16:36 | pretrain | step=481, loss=0.0002
I | 05-06 16:16:40 | pretrain | step=482, loss=0.0002
I | 05-06 16:16:45 | pretrain | step=483, loss=0.0002
I | 05-06 16:16:50 | pretrain | step=484, loss=0.0002
I | 05-06 16:16:54 | pretrain | step=485, loss=0.0002
I | 05-06 16:16:58 | pretrain | step=486, loss=0.0002
I | 05-06 16:17:01 | pretrain | step=487, loss=0.0002
I | 05-06 16:17:05 | pretrain | step=488, loss=0.0002
I | 05-06 16:17:10 | pretrain | step=489, loss=0.0002
I | 05-06 16:17:14 | pretrain | step=490, loss=0.0002
I | 05-06 16:17:18 | pretrain | step=491, loss=0.0002
I | 05-06 16:17:22 | pretrain | step=492, loss=0.0002
I | 05-06 16:17:26 | pretrain | step=493, loss=0.0002
I | 05-06 16:17:30 | pretrain | step=494, loss=0.0002
I | 05-06 16:17:34 | pretrain | step=495, loss=0.0002
I | 05-06 16:17:38 | pretrain | step=496, loss=0.0002
I | 05-06 16:17:42 | pretrain | step=497, loss=0.0002
I | 05-06 16:17:46 | pretrain | step=498, loss=0.0002
I | 05-06 16:17:51 | pretrain | step=499, loss=0.0002
I | 05-06 16:17:55 | pretrain | step=500, loss=0.0002
I | 05-06 16:17:59 | pretrain | step=501, loss=0.0002
I | 05-06 16:18:03 | pretrain | step=502, loss=0.0002
I | 05-06 16:18:08 | pretrain | step=503, loss=0.0002
I | 05-06 16:18:12 | pretrain | step=504, loss=0.0002
I | 05-06 16:18:16 | pretrain | step=505, loss=0.0002
I | 05-06 16:18:20 | pretrain | step=506, loss=0.0002
I | 05-06 16:18:24 | pretrain | step=507, loss=0.0002
I | 05-06 16:18:28 | pretrain | step=508, loss=0.0002
I | 05-06 16:18:32 | pretrain | step=509, loss=0.0002
I | 05-06 16:18:36 | pretrain | step=510, loss=0.0002
I | 05-06 16:18:41 | pretrain | step=511, loss=0.0002
I | 05-06 16:18:45 | pretrain | step=512, loss=0.0002
I | 05-06 16:18:49 | pretrain | step=513, loss=0.0002
I | 05-06 16:18:53 | pretrain | step=514, loss=0.0002
I | 05-06 16:18:57 | pretrain | step=515, loss=0.0002
I | 05-06 16:19:01 | pretrain | step=516, loss=0.0002
I | 05-06 16:19:05 | pretrain | step=517, loss=0.0002
I | 05-06 16:19:09 | pretrain | step=518, loss=0.0002
I | 05-06 16:19:13 | pretrain | step=519, loss=0.0002
I | 05-06 16:19:18 | pretrain | step=520, loss=0.0002
I | 05-06 16:19:22 | pretrain | step=521, loss=0.0002
I | 05-06 16:19:26 | pretrain | step=522, loss=0.0002
I | 05-06 16:19:30 | pretrain | step=523, loss=0.0002
I | 05-06 16:19:35 | pretrain | step=524, loss=0.0002
I | 05-06 16:19:39 | pretrain | step=525, loss=0.0002
I | 05-06 16:19:43 | pretrain | step=526, loss=0.0002
I | 05-06 16:19:47 | pretrain | step=527, loss=0.0002
I | 05-06 16:19:51 | pretrain | step=528, loss=0.0002
I | 05-06 16:19:56 | pretrain | step=529, loss=0.0002
I | 05-06 16:20:01 | pretrain | step=530, loss=0.0002
I | 05-06 16:20:05 | pretrain | step=531, loss=0.0002
I | 05-06 16:20:09 | pretrain | step=532, loss=0.0002
I | 05-06 16:20:13 | pretrain | step=533, loss=0.0002
I | 05-06 16:20:17 | pretrain | step=534, loss=0.0002
I | 05-06 16:20:21 | pretrain | step=535, loss=0.0002
I | 05-06 16:20:25 | pretrain | step=536, loss=0.0002
I | 05-06 16:20:30 | pretrain | step=537, loss=0.0002
I | 05-06 16:20:34 | pretrain | step=538, loss=0.0002
I | 05-06 16:20:38 | pretrain | step=539, loss=0.0002
I | 05-06 16:20:42 | pretrain | step=540, loss=0.0002
I | 05-06 16:20:46 | pretrain | step=541, loss=0.0002
I | 05-06 16:20:50 | pretrain | step=542, loss=0.0002
I | 05-06 16:20:55 | pretrain | step=543, loss=0.0002
I | 05-06 16:20:59 | pretrain | step=544, loss=0.0002
I | 05-06 16:21:03 | pretrain | step=545, loss=0.0002
I | 05-06 16:21:07 | pretrain | step=546, loss=0.0002
I | 05-06 16:21:12 | pretrain | step=547, loss=0.0002
I | 05-06 16:21:16 | pretrain | step=548, loss=0.0002
I | 05-06 16:21:21 | pretrain | step=549, loss=0.0002
I | 05-06 16:21:25 | pretrain | step=550, loss=0.0002
I | 05-06 16:21:29 | pretrain | step=551, loss=0.0002
I | 05-06 16:21:33 | pretrain | step=552, loss=0.0002
I | 05-06 16:21:37 | pretrain | step=553, loss=0.0002
I | 05-06 16:21:41 | pretrain | step=554, loss=0.0002
I | 05-06 16:21:46 | pretrain | step=555, loss=0.0002
I | 05-06 16:21:49 | pretrain | step=556, loss=0.0002
I | 05-06 16:21:53 | pretrain | step=557, loss=0.0002
I | 05-06 16:21:57 | pretrain | step=558, loss=0.0002
I | 05-06 16:22:01 | pretrain | step=559, loss=0.0002
I | 05-06 16:22:05 | pretrain | step=560, loss=0.0002
I | 05-06 16:22:09 | pretrain | step=561, loss=0.0002
I | 05-06 16:22:14 | pretrain | step=562, loss=0.0002
I | 05-06 16:22:18 | pretrain | step=563, loss=0.0002
I | 05-06 16:22:22 | pretrain | step=564, loss=0.0002
I | 05-06 16:22:26 | pretrain | step=565, loss=0.0002
I | 05-06 16:22:31 | pretrain | step=566, loss=0.0002
I | 05-06 16:22:35 | pretrain | step=567, loss=0.0002
I | 05-06 16:22:39 | pretrain | step=568, loss=0.0002
I | 05-06 16:22:44 | pretrain | step=569, loss=0.0002
I | 05-06 16:22:48 | pretrain | step=570, loss=0.0002
I | 05-06 16:22:52 | pretrain | step=571, loss=0.0002
I | 05-06 16:22:56 | pretrain | step=572, loss=0.0002
I | 05-06 16:23:01 | pretrain | step=573, loss=0.0002
I | 05-06 16:23:06 | pretrain | step=574, loss=0.0002
I | 05-06 16:23:10 | pretrain | step=575, loss=0.0002
I | 05-06 16:23:14 | pretrain | step=576, loss=0.0002
I | 05-06 16:23:18 | pretrain | step=577, loss=0.0002
I | 05-06 16:23:23 | pretrain | step=578, loss=0.0002
I | 05-06 16:23:26 | pretrain | step=579, loss=0.0002
I | 05-06 16:23:30 | pretrain | step=580, loss=0.0002
I | 05-06 16:23:35 | pretrain | step=581, loss=0.0002
I | 05-06 16:23:39 | pretrain | step=582, loss=0.0002
I | 05-06 16:23:43 | pretrain | step=583, loss=0.0002
I | 05-06 16:23:47 | pretrain | step=584, loss=0.0002
I | 05-06 16:23:51 | pretrain | step=585, loss=0.0002
I | 05-06 16:23:55 | pretrain | step=586, loss=0.0002
I | 05-06 16:23:59 | pretrain | step=587, loss=0.0002
I | 05-06 16:24:03 | pretrain | step=588, loss=0.0002
I | 05-06 16:24:07 | pretrain | step=589, loss=0.0002
I | 05-06 16:24:10 | pretrain | step=590, loss=0.0002
I | 05-06 16:24:15 | pretrain | step=591, loss=0.0002
I | 05-06 16:24:19 | pretrain | step=592, loss=0.0002
I | 05-06 16:24:23 | pretrain | step=593, loss=0.0002
I | 05-06 16:24:28 | pretrain | step=594, loss=0.0002
I | 05-06 16:24:32 | pretrain | step=595, loss=0.0002
I | 05-06 16:24:37 | pretrain | step=596, loss=0.0002
I | 05-06 16:24:41 | pretrain | step=597, loss=0.0002
I | 05-06 16:24:45 | pretrain | step=598, loss=0.0002
I | 05-06 16:24:49 | pretrain | step=599, loss=0.0002
I | 05-06 16:24:53 | pretrain | step=600, loss=0.0002
I | 05-06 16:24:57 | pretrain | step=601, loss=0.0002
I | 05-06 16:25:02 | pretrain | step=602, loss=0.0002
I | 05-06 16:25:06 | pretrain | step=603, loss=0.0002
I | 05-06 16:25:10 | pretrain | step=604, loss=0.0002
I | 05-06 16:25:14 | pretrain | step=605, loss=0.0002
I | 05-06 16:25:18 | pretrain | step=606, loss=0.0002
I | 05-06 16:25:22 | pretrain | step=607, loss=0.0002
I | 05-06 16:25:26 | pretrain | step=608, loss=0.0002
I | 05-06 16:25:30 | pretrain | step=609, loss=0.0002
I | 05-06 16:25:34 | pretrain | step=610, loss=0.0002
I | 05-06 16:25:38 | pretrain | step=611, loss=0.0002
I | 05-06 16:25:42 | pretrain | step=612, loss=0.0002
I | 05-06 16:25:47 | pretrain | step=613, loss=0.0002
I | 05-06 16:25:50 | pretrain | step=614, loss=0.0002
I | 05-06 16:25:54 | pretrain | step=615, loss=0.0002
I | 05-06 16:25:58 | pretrain | step=616, loss=0.0002
I | 05-06 16:26:02 | pretrain | step=617, loss=0.0002
I | 05-06 16:26:07 | pretrain | step=618, loss=0.0002
I | 05-06 16:26:12 | pretrain | step=619, loss=0.0002
I | 05-06 16:26:16 | pretrain | step=620, loss=0.0002
I | 05-06 16:26:20 | pretrain | step=621, loss=0.0002
I | 05-06 16:26:24 | pretrain | step=622, loss=0.0002
I | 05-06 16:26:28 | pretrain | step=623, loss=0.0002
I | 05-06 16:26:32 | pretrain | step=624, loss=0.0001
I | 05-06 16:26:36 | pretrain | step=625, loss=0.0002
I | 05-06 16:26:40 | pretrain | step=626, loss=0.0001
I | 05-06 16:26:44 | pretrain | step=627, loss=0.0002
I | 05-06 16:26:48 | pretrain | step=628, loss=0.0001
I | 05-06 16:26:51 | pretrain | step=629, loss=0.0001
I | 05-06 16:26:55 | pretrain | step=630, loss=0.0001
I | 05-06 16:27:00 | pretrain | step=631, loss=0.0001
I | 05-06 16:27:04 | pretrain | step=632, loss=0.0001
I | 05-06 16:27:08 | pretrain | step=633, loss=0.0001
I | 05-06 16:27:13 | pretrain | step=634, loss=0.0001
I | 05-06 16:27:17 | pretrain | step=635, loss=0.0001
I | 05-06 16:27:21 | pretrain | step=636, loss=0.0001
I | 05-06 16:27:25 | pretrain | step=637, loss=0.0001
I | 05-06 16:27:29 | pretrain | step=638, loss=0.0001
I | 05-06 16:27:32 | pretrain | step=639, loss=0.0001
I | 05-06 16:27:36 | pretrain | step=640, loss=0.0001
I | 05-06 16:27:40 | pretrain | step=641, loss=0.0001
I | 05-06 16:27:44 | pretrain | step=642, loss=0.0001
I | 05-06 16:27:49 | pretrain | step=643, loss=0.0001
I | 05-06 16:27:52 | pretrain | step=644, loss=0.0001
I | 05-06 16:27:56 | pretrain | step=645, loss=0.0001
I | 05-06 16:28:00 | pretrain | step=646, loss=0.0001
I | 05-06 16:28:05 | pretrain | step=647, loss=0.0001
I | 05-06 16:28:09 | pretrain | step=648, loss=0.0001
I | 05-06 16:28:13 | pretrain | step=649, loss=0.0001
I | 05-06 16:28:18 | pretrain | step=650, loss=0.0001
I | 05-06 16:28:22 | pretrain | step=651, loss=0.0001
I | 05-06 16:28:26 | pretrain | step=652, loss=0.0001
I | 05-06 16:28:30 | pretrain | step=653, loss=0.0001
I | 05-06 16:28:35 | pretrain | step=654, loss=0.0001
I | 05-06 16:28:40 | pretrain | step=655, loss=0.0001
I | 05-06 16:28:44 | pretrain | step=656, loss=0.0001
I | 05-06 16:28:48 | pretrain | step=657, loss=0.0001
I | 05-06 16:28:52 | pretrain | step=658, loss=0.0001
I | 05-06 16:28:57 | pretrain | step=659, loss=0.0001
I | 05-06 16:29:01 | pretrain | step=660, loss=0.0001
I | 05-06 16:29:04 | pretrain | step=661, loss=0.0001
I | 05-06 16:29:08 | pretrain | step=662, loss=0.0001
I | 05-06 16:29:13 | pretrain | step=663, loss=0.0001
I | 05-06 16:29:17 | pretrain | step=664, loss=0.0001
I | 05-06 16:29:21 | pretrain | step=665, loss=0.0001
I | 05-06 16:29:25 | pretrain | step=666, loss=0.0001
I | 05-06 16:29:30 | pretrain | step=667, loss=0.0001
I | 05-06 16:29:33 | pretrain | step=668, loss=0.0001
I | 05-06 16:29:38 | pretrain | step=669, loss=0.0001
I | 05-06 16:29:42 | pretrain | step=670, loss=0.0001
I | 05-06 16:29:46 | pretrain | step=671, loss=0.0001
I | 05-06 16:29:51 | pretrain | step=672, loss=0.0001
I | 05-06 16:29:55 | pretrain | step=673, loss=0.0001
I | 05-06 16:29:59 | pretrain | step=674, loss=0.0001
I | 05-06 16:30:04 | pretrain | step=675, loss=0.0001
I | 05-06 16:30:08 | pretrain | step=676, loss=0.0001
I | 05-06 16:30:12 | pretrain | step=677, loss=0.0001
I | 05-06 16:30:17 | pretrain | step=678, loss=0.0001
I | 05-06 16:30:22 | pretrain | step=679, loss=0.0001
I | 05-06 16:30:26 | pretrain | step=680, loss=0.0001
I | 05-06 16:30:30 | pretrain | step=681, loss=0.0001
I | 05-06 16:30:34 | pretrain | step=682, loss=0.0001
I | 05-06 16:30:38 | pretrain | step=683, loss=0.0001
I | 05-06 16:30:42 | pretrain | step=684, loss=0.0001
I | 05-06 16:30:46 | pretrain | step=685, loss=0.0001
I | 05-06 16:30:50 | pretrain | step=686, loss=0.0001
I | 05-06 16:30:54 | pretrain | step=687, loss=0.0001
I | 05-06 16:30:58 | pretrain | step=688, loss=0.0001
I | 05-06 16:31:02 | pretrain | step=689, loss=0.0001
I | 05-06 16:31:06 | pretrain | step=690, loss=0.0001
I | 05-06 16:31:10 | pretrain | step=691, loss=0.0001
I | 05-06 16:31:15 | pretrain | step=692, loss=0.0001
I | 05-06 16:31:19 | pretrain | step=693, loss=0.0001
I | 05-06 16:31:22 | pretrain | step=694, loss=0.0001
I | 05-06 16:31:27 | pretrain | step=695, loss=0.0001
I | 05-06 16:31:31 | pretrain | step=696, loss=0.0001
I | 05-06 16:31:36 | pretrain | step=697, loss=0.0001
I | 05-06 16:31:40 | pretrain | step=698, loss=0.0001
I | 05-06 16:31:45 | pretrain | step=699, loss=0.0001
I | 05-06 16:31:49 | pretrain | step=700, loss=0.0001
I | 05-06 16:31:53 | pretrain | step=701, loss=0.0001
I | 05-06 16:31:56 | pretrain | step=702, loss=0.0001
I | 05-06 16:32:01 | pretrain | step=703, loss=0.0001
I | 05-06 16:32:04 | pretrain | step=704, loss=0.0001
I | 05-06 16:32:09 | pretrain | step=705, loss=0.0001
I | 05-06 16:32:13 | pretrain | step=706, loss=0.0001
I | 05-06 16:32:17 | pretrain | step=707, loss=0.0001
I | 05-06 16:32:21 | pretrain | step=708, loss=0.0001
I | 05-06 16:32:25 | pretrain | step=709, loss=0.0001
I | 05-06 16:32:29 | pretrain | step=710, loss=0.0001
I | 05-06 16:32:33 | pretrain | step=711, loss=0.0001
I | 05-06 16:32:37 | pretrain | step=712, loss=0.0001
I | 05-06 16:32:42 | pretrain | step=713, loss=0.0001
I | 05-06 16:32:46 | pretrain | step=714, loss=0.0001
I | 05-06 16:32:50 | pretrain | step=715, loss=0.0001
slurmstepd: error: *** JOB 28913226 ON gpu-q-33 CANCELLED AT 2026-05-06T16:32:52 DUE TO TIME LIMIT ***
I | 05-06 16:32:54 | pretrain | step=716, loss=0.0001
