Loading rhel8/default-amp
  Loading requirement: rhel8/slurm singularity/current rhel8/global cuda/11.4
    libpciaccess/0.16/gcc-9.4.0-6fonbj6 libiconv/1.16/gcc-9.4.0-ahebbov
    libxml2/2.9.12/gcc-9.4.0-gnknt5e ncurses/6.2/gcc-9.4.0-aiirok7
    hwloc/2.5.0/gcc-9.4.0-7sqomga libevent/2.1.12/gcc-9.4.0-hgny7cm
    numactl/2.0.14/gcc-9.4.0-52dwc6n cuda/11.4.0/gcc-9.4.0-3hnxhjt
    gdrcopy/2.2/gcc-9.4.0-e4igtfp knem/1.1.4/gcc-9.4.0-bpbxgva
    libnl/3.3.0/gcc-9.4.0-whwhrwb rdma-core/34.0/gcc-9.4.0-5eo5n2u
    ucx/1.11.1/gcc-9.4.0-lktqyl4 openmpi/4.1.1/gcc-9.4.0-epagguv
Changed directory to /rds/user/jc2405/hpc-work/JaQMC/jaqmc.

JobID: 30504965
======
Time: Sat Jun 13 13:15:57 BST 2026
Running on master node: gpu-q-8
Current directory: /rds/user/jc2405/hpc-work/JaQMC/jaqmc

Nodes allocated:
================
gpu-q-8

numtasks=1, numnodes=1, mpi_tasks_per_node=1 (OMP_NUM_THREADS=1)

Executing command:
==================
jaqmc solid train   --yml /rds/user/jc2405/hpc-work/JaQMC/jaqmc/configs/sc_chain.yml   workflow.save_path=/rds/user/jc2405/hpc-work/JaQMC/jaqmc/runs/sc_chain_3.78_spin_0   pretrain.run.iterations=1000 train.run.iterations=10000

I | 06-13 13:16:41 | runtime  | Initialize a local runtime.
I | 06-13 13:18:04 |   jax    | Unable to initialize backend 'tpu': INTERNAL: Failed to open libtpu.so: libtpu.so: cannot open shared object file: No such file or directory
I | 06-13 13:18:19 |  jaqmc   | ECP enabled for elements: ['Sc']
I | 06-13 13:18:19 |  config  | Resolved configurations:
# Defined in /rds/user/jc2405/hpc-work/JaQMC/jaqmc/src/jaqmc/utils/runtime.py:18
logging:
  level: info
  stream: stderr
# Defined in /rds/user/jc2405/hpc-work/JaQMC/jaqmc/src/jaqmc/utils/runtime.py:63
jax:
  enable_x64: false
  debug_infs: false
  debug_nans: false
  disable_jit: false
  default_matmul_precision: float32
# Defined in /rds/user/jc2405/hpc-work/JaQMC/jaqmc/src/jaqmc/utils/runtime.py:103
distributed:
  coordinator_address: null
  num_processes: 1
  process_id: 0
  initialization_timeout: 300
  wait_second_before_connect: 10.0
# Defined in /rds/user/jc2405/hpc-work/JaQMC/jaqmc/src/jaqmc/workflow/base.py:42
workflow:
  seed: null
  batch_size: 4096
  save_path: /rds/user/jc2405/hpc-work/JaQMC/jaqmc/runs/sc_chain_3.78_spin_0
  restore_path: /rds/user/jc2405/hpc-work/JaQMC/jaqmc/runs/sc_chain_3.78_spin_0
  config:
    ignore_extra: false
    verbose: false
# Defined in /rds/user/jc2405/hpc-work/JaQMC/jaqmc/src/jaqmc/app/solid/config/two_atom_chain.py:22
system:
  module: two_atom_chain
  symbol: Sc
  bond_length: 3.78
  unit: bohr
  supercell: 1
  vacuum_separation: 100.0
  spin: 2
  basis: ccecpccpvdz
  ecp: ccecp
  electron_init_width: 1.0
# Defined in /rds/user/jc2405/hpc-work/JaQMC/jaqmc/src/jaqmc/app/solid/wavefunction.py:23
wf:
  module: jaqmc.app.solid.wavefunction
  hidden_dims_single: [256, 256, 256, 256]
  hidden_dims_double: [32, 32, 32, 32]
  ndets: 16
  distance_type: nu
  envelope_type: abs_isotropic
  sym_type: minimal
  orbitals_spin_split: true
  full_det: true
# Defined in /rds/user/jc2405/hpc-work/JaQMC/jaqmc/src/jaqmc/sampler/mcmc.py:57
sampler:
  steps: 10
  initial_width: 0.1
  adapt_frequency: 100
  pmove_range: [0.5, 0.55]
pretrain:
  # Defined in /rds/user/jc2405/hpc-work/JaQMC/jaqmc/src/jaqmc/workflow/stage/vmc.py:30
  run:
    check_vma: true
    iterations: 1000
    burn_in: 100
    save_time_interval: 600
    save_step_interval: 1000
    stop_on_nan: loss
  # Defined in /rds/user/jc2405/hpc-work/JaQMC/jaqmc/src/jaqmc/workflow/stage/vmc.py:77
  optim:
    module: jaqmc.optimizer.optax:adam
    learning_rate:
      module: jaqmc.optimizer.schedule:Standard
      rate: 0.0003
      delay: 2000.0
      decay: 1.0
    b1: 0.9
    b2: 0.999
    eps: 1.0e-08
    eps_root: 0.0
  writers:
    # Defined in /rds/user/jc2405/hpc-work/JaQMC/jaqmc/src/jaqmc/writer/console.py:75
    console:
      module: jaqmc.writer.console:ConsoleWriter
      interval: 1
      fields: loss
    # Defined in /rds/user/jc2405/hpc-work/JaQMC/jaqmc/src/jaqmc/writer/hdf5.py:28
    hdf5:
      module: jaqmc.writer.hdf5:HDF5Writer
      path_template: '{stage}_stats.h5'
    # Defined in /rds/user/jc2405/hpc-work/JaQMC/jaqmc/src/jaqmc/writer/csv.py:21
    csv:
      module: jaqmc.writer.csv:CSVWriter
      path_template: '{stage}_stats.csv'
train:
  # Defined in /rds/user/jc2405/hpc-work/JaQMC/jaqmc/src/jaqmc/workflow/stage/vmc.py:30
  run:
    check_vma: true
    iterations: 10000
    burn_in: 100
    save_time_interval: 600
    save_step_interval: 1000
    stop_on_nan: loss
  # Defined in /rds/user/jc2405/hpc-work/JaQMC/jaqmc/src/jaqmc/workflow/stage/vmc.py:77
  optim:
    module: jaqmc.optimizer.kfac:KFACOptimizer
    learning_rate:
      module: jaqmc.optimizer.schedule:Standard
      rate: 0.05
      delay: 2000.0
      decay: 1.0
    norm_constraint: 0.001
    curvature_ema: 0.95
    l2_reg: 0.0
    inverse_update_period: 1
    damping: 0.001
  # Defined in /rds/user/jc2405/hpc-work/JaQMC/jaqmc/src/jaqmc/estimator/loss_grad.py:24
  grads:
    vmap_chunk_size: null
    loss_key: total_energy
    clip_scale: 5.0
  writers:
    # Defined in /rds/user/jc2405/hpc-work/JaQMC/jaqmc/src/jaqmc/writer/console.py:75
    console:
      module: jaqmc.writer.console:ConsoleWriter
      interval: 1
      fields: pmove:.2f,energy=total_energy:.4f,variance=total_energy_var:.4f
    # Defined in /rds/user/jc2405/hpc-work/JaQMC/jaqmc/src/jaqmc/writer/hdf5.py:28
    hdf5:
      module: jaqmc.writer.hdf5:HDF5Writer
      path_template: '{stage}_stats.h5'
    # Defined in /rds/user/jc2405/hpc-work/JaQMC/jaqmc/src/jaqmc/writer/csv.py:21
    csv:
      module: jaqmc.writer.csv:CSVWriter
      path_template: '{stage}_stats.csv'
estimators:
  energy:
    # Defined in /rds/user/jc2405/hpc-work/JaQMC/jaqmc/src/jaqmc/estimator/kinetic/euclidean.py:28
    kinetic:
      vmap_chunk_size: null
      mode: forward_laplacian
      sparsity_threshold: 0
    # Defined in /rds/user/jc2405/hpc-work/JaQMC/jaqmc/src/jaqmc/estimator/ecp/estimator.py:32
    ecp:
      vmap_chunk_size: null
      max_core: 2
      quadrature_id: null
      electrons_field: electrons
      atoms_field: atoms
  enabled:
    spin: false
    density: false
I | 06-13 13:18:19 |  config  | Diff with previous run:
--- Restored Config
+++ Current Config
@@ -33,7 +33,7 @@
   unit: bohr
   supercell: 1
   vacuum_separation: 100.0
-  spin: 0
+  spin: 2
   basis: ccecpccpvdz
   ecp: ccecp
   electron_init_width: 1.0
I | 06-13 13:18:19 | workflow | Starting QMC with 4 local XLA devices across 1 processes.
I | 06-13 13:18:19 |  jaqmc   | Start KRHF

WARN: Problematic nelec (12, 10) and number of k-points 1 found in KRHF method.


WARN: Even tempered Gaussians are generated as DF auxbasis for  Sc


WARN: HOMO -5.06667703848e-37 == LUMO -4.72450577706e-37


WARN: HOMO 0 == LUMO 0


WARN: HOMO 0 == LUMO 0

SCF not converged.
SCF energy = -11048974668.9094
I | 06-13 14:17:14 |  jaqmc   | Complete KRHF
I | 06-13 14:17:46 |checkpoint| Restoring checkpoint /rds/user/jc2405/hpc-work/JaQMC/jaqmc/runs/sc_chain_3.78_spin_0/pretrain_ckpt_000999.npz
I | 06-13 14:17:47 |checkpoint| Restored checkpoint /rds/user/jc2405/hpc-work/JaQMC/jaqmc/runs/sc_chain_3.78_spin_0/pretrain_ckpt_000999.npz
I | 06-13 14:17:48 |  jaqmc   | Setting Ewald alpha to 0.66137564
I | 06-13 14:17:52 |   absl   | ==================================================
I | 06-13 14:17:52 |   absl   | Graph parameter registrations:
I | 06-13 14:17:52 |   absl   | {'params': {'backbone_layer': {'Dense_0': {'bias': 'Auto[tag_variant=repeated_dense(0)|match_type=repeated[1]_flax_dense_with_bias]',
I | 06-13 14:17:52 |   absl   |                                            'kernel': 'Auto[tag_variant=repeated_dense(0)|match_type=repeated[1]_flax_dense_with_bias]'},
I | 06-13 14:17:52 |   absl   |                                'Dense_1': {'bias': 'Auto[tag_variant=repeated_dense(1)|match_type=repeated[2]_flax_dense_with_bias]',
I | 06-13 14:17:52 |   absl   |                                            'kernel': 'Auto[tag_variant=repeated_dense(1)|match_type=repeated[2]_flax_dense_with_bias]'},
I | 06-13 14:17:52 |   absl   |                                'Dense_2': {'bias': 'Auto[tag_variant=repeated_dense(2)|match_type=repeated[1]_flax_dense_with_bias]',
I | 06-13 14:17:52 |   absl   |                                            'kernel': 'Auto[tag_variant=repeated_dense(2)|match_type=repeated[1]_flax_dense_with_bias]'},
I | 06-13 14:17:52 |   absl   |                                'Dense_3': {'bias': 'Auto[tag_variant=repeated_dense(3)|match_type=repeated[2]_flax_dense_with_bias]',
I | 06-13 14:17:52 |   absl   |                                            'kernel': 'Auto[tag_variant=repeated_dense(3)|match_type=repeated[2]_flax_dense_with_bias]'},
I | 06-13 14:17:52 |   absl   |                                'Dense_4': {'bias': 'Auto[tag_variant=repeated_dense(4)|match_type=repeated[1]_flax_dense_with_bias]',
I | 06-13 14:17:52 |   absl   |                                            'kernel': 'Auto[tag_variant=repeated_dense(4)|match_type=repeated[1]_flax_dense_with_bias]'},
I | 06-13 14:17:52 |   absl   |                                'Dense_5': {'bias': 'Auto[tag_variant=repeated_dense(5)|match_type=repeated[2]_flax_dense_with_bias]',
I | 06-13 14:17:52 |   absl   |                                            'kernel': 'Auto[tag_variant=repeated_dense(5)|match_type=repeated[2]_flax_dense_with_bias]'},
I | 06-13 14:17:52 |   absl   |                                'Dense_6': {'bias': 'Auto[tag_variant=repeated_dense(6)|match_type=repeated[1]_flax_dense_with_bias]',
I | 06-13 14:17:52 |   absl   |                                            'kernel': 'Auto[tag_variant=repeated_dense(6)|match_type=repeated[1]_flax_dense_with_bias]'}},
I | 06-13 14:17:52 |   absl   |             'envelope_layer': {'_env_down': {'pi': 'Auto[tag_variant=scale_and_shift(3)|match_type=scale_only_broadcast_1]',
I | 06-13 14:17:52 |   absl   |                                              'sigma': 'Auto[tag_variant=scale_and_shift(2)|match_type=scale_only_broadcast_1]'},
I | 06-13 14:17:52 |   absl   |                                '_env_up': {'pi': 'Auto[tag_variant=scale_and_shift(1)|match_type=scale_only_broadcast_1]',
I | 06-13 14:17:52 |   absl   |                                            'sigma': 'Auto[tag_variant=scale_and_shift(0)|match_type=scale_only_broadcast_1]'}},
I | 06-13 14:17:52 |   absl   |             'imag_orbital_layer': {'SplitChannelDense_0': {'DenseGeneral_0': {'kernel': 'Auto[tag_variant=repeated_dense(9)|match_type=repeated[1]_flax_dense_no_bias]'},
I | 06-13 14:17:52 |   absl   |                                                            'DenseGeneral_1': {'kernel': 'Auto[tag_variant=repeated_dense(10)|match_type=repeated[1]_flax_dense_no_bias]'}}},
I | 06-13 14:17:52 |   absl   |             'real_orbital_layer': {'SplitChannelDense_0': {'DenseGeneral_0': {'kernel': 'Auto[tag_variant=repeated_dense(7)|match_type=repeated[1]_flax_dense_no_bias]'},
I | 06-13 14:17:52 |   absl   |                                                            'DenseGeneral_1': {'kernel': 'Auto[tag_variant=repeated_dense(8)|match_type=repeated[1]_flax_dense_no_bias]'}}}}}
I | 06-13 14:17:52 |   absl   | ==================================================
I | 06-13 14:17:52 |   absl   | Graph registered losses:
I | 06-13 14:17:52 |   absl   | NormalMeanNegativeLogProbLoss(mean=Var(id=22676825047936):complex64[1024,1], variance=Literal(0.5), weight=Literal(1.0), normalize_log_prob=Literal(True))
I | 06-13 14:17:52 |   absl   | ==================================================
I | 06-13 14:17:52 |   absl   | BlockDiagonalCurvature blocks:
I | 06-13 14:17:52 |   absl   | RepeatedDenseBlock(parameter_specs=['ab -> (a)(b)', 'a -> ()(a)'], parameters_concat_axis=0), tag name: Auto[tag_variant=repeated_dense(0)|match_type=repeated[1]_flax_dense_with_bias], params shapes: ((32, 256), (256,))
I | 06-13 14:17:52 |   absl   | RepeatedDenseBlock(parameter_specs=['ab -> (a)(b)', 'a -> ()(a)'], parameters_concat_axis=0), tag name: Auto[tag_variant=repeated_dense(1)|match_type=repeated[2]_flax_dense_with_bias], params shapes: ((4, 32), (32,))
I | 06-13 14:17:52 |   absl   | RepeatedDenseBlock(parameter_specs=['ab -> (a)(b)', 'a -> ()(a)'], parameters_concat_axis=0), tag name: Auto[tag_variant=repeated_dense(2)|match_type=repeated[1]_flax_dense_with_bias], params shapes: ((832, 256), (256,))
I | 06-13 14:17:52 |   absl   | RepeatedDenseBlock(parameter_specs=['ab -> (a)(b)', 'a -> ()(a)'], parameters_concat_axis=0), tag name: Auto[tag_variant=repeated_dense(3)|match_type=repeated[2]_flax_dense_with_bias], params shapes: ((32, 32), (32,))
I | 06-13 14:17:52 |   absl   | RepeatedDenseBlock(parameter_specs=['ab -> (a)(b)', 'a -> ()(a)'], parameters_concat_axis=0), tag name: Auto[tag_variant=repeated_dense(4)|match_type=repeated[1]_flax_dense_with_bias], params shapes: ((832, 256), (256,))
I | 06-13 14:17:52 |   absl   | RepeatedDenseBlock(parameter_specs=['ab -> (a)(b)', 'a -> ()(a)'], parameters_concat_axis=0), tag name: Auto[tag_variant=repeated_dense(5)|match_type=repeated[2]_flax_dense_with_bias], params shapes: ((32, 32), (32,))
I | 06-13 14:17:52 |   absl   | RepeatedDenseBlock(parameter_specs=['ab -> (a)(b)', 'a -> ()(a)'], parameters_concat_axis=0), tag name: Auto[tag_variant=repeated_dense(6)|match_type=repeated[1]_flax_dense_with_bias], params shapes: ((832, 256), (256,))
I | 06-13 14:17:52 |   absl   | ScaleAndShiftDiagonal, tag name: Auto[tag_variant=scale_and_shift(3)|match_type=scale_only_broadcast_1], params shapes: ((22, 2, 16),)
I | 06-13 14:17:52 |   absl   | ScaleAndShiftDiagonal, tag name: Auto[tag_variant=scale_and_shift(2)|match_type=scale_only_broadcast_1], params shapes: ((22, 2, 16),)
I | 06-13 14:17:52 |   absl   | ScaleAndShiftDiagonal, tag name: Auto[tag_variant=scale_and_shift(1)|match_type=scale_only_broadcast_1], params shapes: ((22, 2, 16),)
I | 06-13 14:17:52 |   absl   | ScaleAndShiftDiagonal, tag name: Auto[tag_variant=scale_and_shift(0)|match_type=scale_only_broadcast_1], params shapes: ((22, 2, 16),)
I | 06-13 14:17:52 |   absl   | RepeatedDenseBlock(parameter_specs=['abc -> (a)(bc)'], parameters_concat_axis=0), tag name: Auto[tag_variant=repeated_dense(9)|match_type=repeated[1]_flax_dense_no_bias], params shapes: ((256, 16, 22),)
I | 06-13 14:17:52 |   absl   | RepeatedDenseBlock(parameter_specs=['abc -> (a)(bc)'], parameters_concat_axis=0), tag name: Auto[tag_variant=repeated_dense(10)|match_type=repeated[1]_flax_dense_no_bias], params shapes: ((256, 16, 22),)
I | 06-13 14:17:52 |   absl   | RepeatedDenseBlock(parameter_specs=['abc -> (a)(bc)'], parameters_concat_axis=0), tag name: Auto[tag_variant=repeated_dense(7)|match_type=repeated[1]_flax_dense_no_bias], params shapes: ((256, 16, 22),)
I | 06-13 14:17:52 |   absl   | RepeatedDenseBlock(parameter_specs=['abc -> (a)(bc)'], parameters_concat_axis=0), tag name: Auto[tag_variant=repeated_dense(8)|match_type=repeated[1]_flax_dense_no_bias], params shapes: ((256, 16, 22),)
I | 06-13 14:17:52 |   absl   | ==================================================
I | 06-13 14:17:53 |checkpoint| Restoring checkpoint /rds/user/jc2405/hpc-work/JaQMC/jaqmc/runs/sc_chain_3.78_spin_0/train_ckpt_001999.npz
I | 06-13 14:17:53 |checkpoint| Restored checkpoint /rds/user/jc2405/hpc-work/JaQMC/jaqmc/runs/sc_chain_3.78_spin_0/train_ckpt_001999.npz
I | 06-13 14:17:53 |  train   | Start 8000 train steps.
Traceback (most recent call last):
  File "/rds/user/jc2405/hpc-work/JaQMC/jaqmc/.venv/bin/jaqmc", line 10, in <module>
    sys.exit(cli())
             ^^^^^
  File "/rds/user/jc2405/hpc-work/JaQMC/jaqmc/.venv/lib/python3.12/site-packages/click/core.py", line 1485, in __call__
    return self.main(*args, **kwargs)
           ^^^^^^^^^^^^^^^^^^^^^^^^^^
  File "/rds/user/jc2405/hpc-work/JaQMC/jaqmc/.venv/lib/python3.12/site-packages/click/core.py", line 1406, in main
    rv = self.invoke(ctx)
         ^^^^^^^^^^^^^^^^
  File "/rds/user/jc2405/hpc-work/JaQMC/jaqmc/.venv/lib/python3.12/site-packages/click/core.py", line 1873, in invoke
    return _process_result(sub_ctx.command.invoke(sub_ctx))
                           ^^^^^^^^^^^^^^^^^^^^^^^^^^^^^^^
  File "/rds/user/jc2405/hpc-work/JaQMC/jaqmc/.venv/lib/python3.12/site-packages/click/core.py", line 1873, in invoke
    return _process_result(sub_ctx.command.invoke(sub_ctx))
                           ^^^^^^^^^^^^^^^^^^^^^^^^^^^^^^^
  File "/rds/user/jc2405/hpc-work/JaQMC/jaqmc/.venv/lib/python3.12/site-packages/click/core.py", line 1269, in invoke
    return ctx.invoke(self.callback, **ctx.params)
           ^^^^^^^^^^^^^^^^^^^^^^^^^^^^^^^^^^^^^^^
  File "/rds/user/jc2405/hpc-work/JaQMC/jaqmc/.venv/lib/python3.12/site-packages/click/core.py", line 824, in invoke
    return callback(*args, **kwargs)
           ^^^^^^^^^^^^^^^^^^^^^^^^^
  File "/rds/user/jc2405/hpc-work/JaQMC/jaqmc/src/jaqmc/utils/cli.py", line 39, in command
    workflow(cfg, dry_run=dry_run)
  File "/rds/user/jc2405/hpc-work/JaQMC/jaqmc/src/jaqmc/app/cli.py", line 95, in solid_train
    SolidTrainWorkflow(cfg)(dry_run)
  File "/rds/user/jc2405/hpc-work/JaQMC/jaqmc/src/jaqmc/workflow/base.py", line 127, in __call__
    self.run()
  File "/rds/user/jc2405/hpc-work/JaQMC/jaqmc/src/jaqmc/app/solid/workflow.py", line 99, in run
    super().run()
  File "/rds/user/jc2405/hpc-work/JaQMC/jaqmc/src/jaqmc/workflow/vmc.py", line 125, in run
    train_state = self.train_stage.run(train_state, context, run_rngs)
                  ^^^^^^^^^^^^^^^^^^^^^^^^^^^^^^^^^^^^^^^^^^^^^^^^^^^^
  File "/rds/user/jc2405/hpc-work/JaQMC/jaqmc/src/jaqmc/workflow/stage/base.py", line 153, in run
    with self.writers.open(
         ^^^^^^^^^^^^^^^^^^
  File "/home/jc2405/.local/share/uv/python/cpython-3.12.13-linux-x86_64-gnu/lib/python3.12/contextlib.py", line 137, in __enter__
    return next(self.gen)
           ^^^^^^^^^^^^^^
  File "/rds/user/jc2405/hpc-work/JaQMC/jaqmc/src/jaqmc/writer/base.py", line 133, in open
    stack.enter_context(
  File "/home/jc2405/.local/share/uv/python/cpython-3.12.13-linux-x86_64-gnu/lib/python3.12/contextlib.py", line 526, in enter_context
    result = _enter(cm)
             ^^^^^^^^^^
  File "/home/jc2405/.local/share/uv/python/cpython-3.12.13-linux-x86_64-gnu/lib/python3.12/contextlib.py", line 137, in __enter__
    return next(self.gen)
           ^^^^^^^^^^^^^^
  File "/rds/user/jc2405/hpc-work/JaQMC/jaqmc/src/jaqmc/writer/hdf5.py", line 50, in open
    with save_path.open(open_mode) as f, h5py.File(f, "a") as self._h5_file:
                                         ^^^^^^^^^^^^^^^^^
  File "/rds/user/jc2405/hpc-work/JaQMC/jaqmc/.venv/lib/python3.12/site-packages/h5py/_hl/files.py", line 555, in __init__
    fid = make_fid(name, mode, userblock_size, fapl, fcpl, swmr=swmr)
          ^^^^^^^^^^^^^^^^^^^^^^^^^^^^^^^^^^^^^^^^^^^^^^^^^^^^^^^^^^^
  File "/rds/user/jc2405/hpc-work/JaQMC/jaqmc/.venv/lib/python3.12/site-packages/h5py/_hl/files.py", line 244, in make_fid
    fid = h5f.open(name, h5f.ACC_RDWR, fapl=fapl)
          ^^^^^^^^^^^^^^^^^^^^^^^^^^^^^^^^^^^^^^^
  File "h5py/_objects.pyx", line 54, in h5py._objects.with_phil.wrapper
  File "h5py/_objects.pyx", line 55, in h5py._objects.with_phil.wrapper
  File "h5py/h5f.pyx", line 106, in h5py.h5f.open
OSError: Unable to synchronously open file (file signature not found)
