Loading rhel8/default-amp
  Loading requirement: rhel8/slurm singularity/current rhel8/global cuda/11.4
    libpciaccess/0.16/gcc-9.4.0-6fonbj6 libiconv/1.16/gcc-9.4.0-ahebbov
    libxml2/2.9.12/gcc-9.4.0-gnknt5e ncurses/6.2/gcc-9.4.0-aiirok7
    hwloc/2.5.0/gcc-9.4.0-7sqomga libevent/2.1.12/gcc-9.4.0-hgny7cm
    numactl/2.0.14/gcc-9.4.0-52dwc6n cuda/11.4.0/gcc-9.4.0-3hnxhjt
    gdrcopy/2.2/gcc-9.4.0-e4igtfp knem/1.1.4/gcc-9.4.0-bpbxgva
    libnl/3.3.0/gcc-9.4.0-whwhrwb rdma-core/34.0/gcc-9.4.0-5eo5n2u
    ucx/1.11.1/gcc-9.4.0-lktqyl4 openmpi/4.1.1/gcc-9.4.0-epagguv
Changed directory to /rds/user/jc2405/hpc-work/JaQMC/jaqmc.

JobID: 30956245
======
Time: Tue Jun 23 11:46:45 BST 2026
Running on master node: gpu-q-20
Current directory: /rds/user/jc2405/hpc-work/JaQMC/jaqmc

Nodes allocated:
================
gpu-q-20

numtasks=1, numnodes=1, mpi_tasks_per_node=1 (OMP_NUM_THREADS=1)

Executing command:
==================
python /rds/user/jc2405/hpc-work/JaQMC/jaqmc/local_energies_wf.py

E0623 11:48:35.096681  454437 numa_hwloc.cc:121] Call to hwloc_set_cpubind() failed: Invalid argument [22]
E0623 11:48:35.096834  454438 numa_hwloc.cc:121] Call to hwloc_set_cpubind() failed: Invalid argument [22]
E0623 11:48:35.096932  454439 numa_hwloc.cc:121] Call to hwloc_set_cpubind() failed: Invalid argument [22]
WARNING:[folx]() - rem not in registry. The following call might be slow as we will compute the full hessian.
WARNING:[folx]() - rem not in registry. The following call might be slow as we will compute the full hessian.
WARNING:[folx]() - round not in registry. The following call might be slow as we will compute the full hessian.
WARNING:[folx]() - rem not in registry. The following call might be slow as we will compute the full hessian.
WARNING:[folx]() - rem not in registry. The following call might be slow as we will compute the full hessian.
WARNING:[folx]() - round not in registry. The following call might be slow as we will compute the full hessian.
E0623 11:49:13.638576  454451 cuda_timer.cc:87] Delay kernel timed out: measured time has sub-optimal accuracy. There may be a missing warmup execution, please investigate in Nsight Systems.
E0623 11:51:16.155888  454472 slow_operation_alarm.cc:73]
********************************
[Compiling module input_reduce_fusion.7 for GPU] Very slow compile? If you want to file a bug, run with envvar XLA_FLAGS=--xla_dump_to=/tmp/foo and attach the results.
********************************
E0623 12:23:33.092390  454447 slow_operation_alarm.cc:140] The operation took 34m16.936534511s

********************************
[Compiling module input_reduce_fusion.7 for GPU] Very slow compile? If you want to file a bug, run with envvar XLA_FLAGS=--xla_dump_to=/tmp/foo and attach the results.
********************************
Loading cached k-points from disk...
Run SCF: Skipped (Loaded from cache!)
Successfully loaded 4096 walkers from train_ckpt_009999.npz!
Loaded state contents:
  - params: dict with 848,608 parameters
  - batched_data: 4096 walkers
  - electron positions shape: (4096, 12, 3)
Compiling JAX graph and computing local energies... (See you in ~26 mins!)
Success! Saved raw plotting arrays to epoch_9999_plot_arrays.npz
