Loading rhel8/default-amp
  Loading requirement: rhel8/slurm singularity/current rhel8/global cuda/11.4
    libpciaccess/0.16/gcc-9.4.0-6fonbj6 libiconv/1.16/gcc-9.4.0-ahebbov
    libxml2/2.9.12/gcc-9.4.0-gnknt5e ncurses/6.2/gcc-9.4.0-aiirok7
    hwloc/2.5.0/gcc-9.4.0-7sqomga libevent/2.1.12/gcc-9.4.0-hgny7cm
    numactl/2.0.14/gcc-9.4.0-52dwc6n cuda/11.4.0/gcc-9.4.0-3hnxhjt
    gdrcopy/2.2/gcc-9.4.0-e4igtfp knem/1.1.4/gcc-9.4.0-bpbxgva
    libnl/3.3.0/gcc-9.4.0-whwhrwb rdma-core/34.0/gcc-9.4.0-5eo5n2u
    ucx/1.11.1/gcc-9.4.0-lktqyl4 openmpi/4.1.1/gcc-9.4.0-epagguv
Changed directory to /rds/user/jc2405/hpc-work/JaQMC/jaqmc.

JobID: 29150148
======
Time: Sun May 10 18:32:21 BST 2026
Running on master node: gpu-q-82
Current directory: /rds/user/jc2405/hpc-work/JaQMC/jaqmc

Nodes allocated:
================
gpu-q-82

numtasks=1, numnodes=1, mpi_tasks_per_node=1 (OMP_NUM_THREADS=1)

Executing command:
==================
jaqmc solid train   --yml /rds/user/jc2405/hpc-work/JaQMC/jaqmc/configs/hydrogen_chain.yml   workflow.save_path=/rds/user/jc2405/hpc-work/JaQMC/jaqmc/runs/h_chain_1.8

/rds/user/jc2405/hpc-work/JaQMC/jaqmc/.venv/lib/python3.12/site-packages/jaxlib/plugin_support.py:91: RuntimeWarning: JAX plugin jax_cuda12_plugin version 0.9.1 is installed, but it is not compatible with the installed jaxlib version 0.10.0, so it will not be used.
  warnings.warn(
I | 05-10 18:33:22 | runtime  | Initialize a local runtime.
I | 05-10 18:35:10 |   jax    | Unable to initialize backend 'tpu': INTERNAL: Failed to open libtpu.so: libtpu.so: cannot open shared object file: No such file or directory
E0510 18:35:11.030392  329986 numa_hwloc.cc:121] Call to hwloc_set_cpubind() failed: Invalid argument [22]
E0510 18:35:11.030555  329987 numa_hwloc.cc:121] Call to hwloc_set_cpubind() failed: Invalid argument [22]
E0510 18:35:11.030650  329988 numa_hwloc.cc:121] Call to hwloc_set_cpubind() failed: Invalid argument [22]
Traceback (most recent call last):
  File "/rds/user/jc2405/hpc-work/JaQMC/jaqmc/.venv/bin/jaqmc", line 10, in <module>
    sys.exit(cli())
             ^^^^^
  File "/rds/user/jc2405/hpc-work/JaQMC/jaqmc/.venv/lib/python3.12/site-packages/click/core.py", line 1485, in __call__
    return self.main(*args, **kwargs)
           ^^^^^^^^^^^^^^^^^^^^^^^^^^
  File "/rds/user/jc2405/hpc-work/JaQMC/jaqmc/.venv/lib/python3.12/site-packages/click/core.py", line 1406, in main
    rv = self.invoke(ctx)
         ^^^^^^^^^^^^^^^^
  File "/rds/user/jc2405/hpc-work/JaQMC/jaqmc/.venv/lib/python3.12/site-packages/click/core.py", line 1873, in invoke
    return _process_result(sub_ctx.command.invoke(sub_ctx))
                           ^^^^^^^^^^^^^^^^^^^^^^^^^^^^^^^
  File "/rds/user/jc2405/hpc-work/JaQMC/jaqmc/.venv/lib/python3.12/site-packages/click/core.py", line 1873, in invoke
    return _process_result(sub_ctx.command.invoke(sub_ctx))
                           ^^^^^^^^^^^^^^^^^^^^^^^^^^^^^^^
  File "/rds/user/jc2405/hpc-work/JaQMC/jaqmc/.venv/lib/python3.12/site-packages/click/core.py", line 1269, in invoke
    return ctx.invoke(self.callback, **ctx.params)
           ^^^^^^^^^^^^^^^^^^^^^^^^^^^^^^^^^^^^^^^
  File "/rds/user/jc2405/hpc-work/JaQMC/jaqmc/.venv/lib/python3.12/site-packages/click/core.py", line 824, in invoke
    return callback(*args, **kwargs)
           ^^^^^^^^^^^^^^^^^^^^^^^^^
  File "/rds/user/jc2405/hpc-work/JaQMC/jaqmc/src/jaqmc/utils/cli.py", line 39, in command
    workflow(cfg, dry_run=dry_run)
  File "/rds/user/jc2405/hpc-work/JaQMC/jaqmc/src/jaqmc/app/cli.py", line 95, in solid_train
    SolidTrainWorkflow(cfg)(dry_run)
    ^^^^^^^^^^^^^^^^^^^^^^^
  File "/rds/user/jc2405/hpc-work/JaQMC/jaqmc/src/jaqmc/app/solid/workflow.py", line 62, in __init__
    system_config, wf, scf, sampling_proposal = configure_system(cfg)
                                                ^^^^^^^^^^^^^^^^^^^^^
  File "/rds/user/jc2405/hpc-work/JaQMC/jaqmc/src/jaqmc/app/solid/workflow.py", line 160, in configure_system
    prim_rec_vecs = get_reciprocal_vectors(lattice_vectors)
                    ^^^^^^^^^^^^^^^^^^^^^^^^^^^^^^^^^^^^^^^
  File "/rds/user/jc2405/hpc-work/JaQMC/jaqmc/src/jaqmc/utils/supercell.py", line 23, in get_reciprocal_vectors
    return 2 * jnp.pi * jnp.linalg.inv(lattice).T
                        ^^^^^^^^^^^^^^^^^^^^^^^
jax.errors.JaxRuntimeError: NOT_FOUND: No FFI handler registered for cusolver_getrf_ffi on a platform CUDA (canonical cuda)
--------------------
For simplicity, JAX has removed its internal frames from the traceback of the following exception. Set JAX_TRACEBACK_FILTERING=off to include these.
